// Jest Snapshot v1, https://goo.gl/fbAQLP

exports[`DeliveryAddresses should render the item 1`] = `
<View
  style={
    Object {
      "marginHorizontal": 10,
    }
  }
  testID="deliveryAddresses"
>
  <View
    style={
      Object {
        "alignItems": "center",
        "flexDirection": "row",
        "justifyContent": "space-between",
      }
    }
  >
    <Text
      style={
        Array [
          Object {
            "color": "rgba(28, 27, 31, 1)",
          },
          Object {
            "textAlign": "left",
          },
          Object {
            "color": "#364A15",
            "fontSize": 16,
            "fontWeight": "600",
          },
        ]
      }
    >
      Delivery Address
    </Text>
    <View
      collapsable={false}
      style={
        Object {
          "shadowColor": "#000",
          "shadowOffset": Object {
            "height": 0,
            "width": 0,
          },
          "shadowOpacity": 0,
          "shadowRadius": 0,
        }
      }
    >
      <View
        collapsable={false}
        style={
          Object {
            "shadowColor": "#000",
            "shadowOffset": Object {
              "height": 0,
              "width": 0,
            },
            "shadowOpacity": 0,
            "shadowRadius": 0,
          }
        }
      >
        <View
          collapsable={false}
          style={
            Object {
              "backgroundColor": "transparent",
              "borderColor": "transparent",
              "borderRadius": 20,
              "borderStyle": "solid",
              "borderWidth": 0,
              "minWidth": 64,
            }
          }
        >
          <View
            accessibilityRole="button"
            accessibilityState={
              Object {
                "disabled": true,
              }
            }
            accessible={true}
            focusable={false}
            onClick={[Function]}
            onResponderGrant={[Function]}
            onResponderMove={[Function]}
            onResponderRelease={[Function]}
            onResponderTerminate={[Function]}
            onResponderTerminationRequest={[Function]}
            onStartShouldSetResponder={[Function]}
            style={
              Array [
                Object {
                  "overflow": "hidden",
                },
                Object {
                  "borderRadius": 20,
                },
              ]
            }
            testID="addNewAddress"
          >
            <View
              style={
                Array [
                  Object {
                    "alignItems": "center",
                    "flexDirection": "row",
                    "justifyContent": "center",
                  },
                  undefined,
                ]
              }
            >
              <Text
                numberOfLines={1}
                selectable={false}
                style={
                  Array [
                    Object {
                      "color": "rgba(28, 27, 31, 1)",
                      "fontSize": 14,
                      "fontWeight": "500",
                      "letterSpacing": 0.1,
                      "lineHeight": 20,
                    },
                    Object {
                      "textAlign": "left",
                    },
                    Object {
                      "writingDirection": "ltr",
                    },
                    Array [
                      Object {
                        "marginHorizontal": 16,
                        "marginVertical": 9,
                        "textAlign": "center",
                      },
                      false,
                      Object {
                        "marginHorizontal": 12,
                      },
                      undefined,
                      false,
                      Object {
                        "color": "rgba(103, 80, 164, 1)",
                        "fontFamily": "System",
                        "fontSize": 14,
                        "fontWeight": "500",
                        "letterSpacing": 0.1,
                        "lineHeight": 20,
                      },
                      Object {
                        "color": "#008D3E",
                      },
                    ],
                  ]
                }
              >
                Add New
              </Text>
            </View>
          </View>
        </View>
      </View>
    </View>
  </View>
  <View
    collapsable={false}
    style={
      Object {
        "shadowColor": "#000",
        "shadowOffset": Object {
          "height": 1,
          "width": 0,
        },
        "shadowOpacity": 0.15,
        "shadowRadius": 3,
      }
    }
  >
    <View
      collapsable={false}
      style={
        Object {
          "shadowColor": "#000",
          "shadowOffset": Object {
            "height": 1,
            "width": 0,
          },
          "shadowOpacity": 0.3,
          "shadowRadius": 1,
        }
      }
    >
      <View
        collapsable={false}
        style={
          Object {
            "backgroundColor": "rgba(255, 251, 254, 1)",
            "borderColor": "#E3E2E7",
            "borderRadius": 4,
            "borderWidth": 1,
            "elevation": 1,
            "marginVertical": 2,
          }
        }
      >
        <View
          accessibilityState={
            Object {
              "disabled": true,
            }
          }
          accessible={true}
          focusable={false}
          onClick={[Function]}
          onResponderGrant={[Function]}
          onResponderMove={[Function]}
          onResponderRelease={[Function]}
          onResponderTerminate={[Function]}
          onResponderTerminationRequest={[Function]}
          onStartShouldSetResponder={[Function]}
          style={
            Object {
              "flexGrow": 1,
              "flexShrink": 1,
            }
          }
          testID="personalInformation"
        >
          <View
            style={
              Array [
                Object {
                  "paddingHorizontal": 16,
                },
                Object {
                  "paddingVertical": 16,
                },
                undefined,
              ]
            }
          >
            <View
              style={
                Object {
                  "alignItems": "flex-start",
                  "flexDirection": "row",
                  "justifyContent": "flex-start",
                  "marginVertical": 5,
                }
              }
              testID="addressComponent"
            >
              <View
                style={
                  Object {
                    "width": "80%",
                  }
                }
              >
                <Text
                  style={
                    Array [
                      Object {
                        "color": "rgba(28, 27, 31, 1)",
                      },
                      Object {
                        "textAlign": "left",
                      },
                      Object {
                        "color": "#364A15",
                        "fontSize": 14,
                        "fontWeight": "600",
                      },
                    ]
                  }
                  testID="addressText1"
                >
                  apartment, address, city, Country
                </Text>
                <Text
                  style={
                    Array [
                      Object {
                        "color": "rgba(28, 27, 31, 1)",
                      },
                      Object {
                        "textAlign": "left",
                      },
                      Object {
                        "color": "#808080",
                        "fontSize": 14,
                        "fontWeight": "500",
                      },
                    ]
                  }
                >
                  Landmark: Some great landmark
                </Text>
              </View>
              <View
                accessible={true}
                collapsable={false}
                focusable={true}
                onBlur={[Function]}
                onClick={[Function]}
                onFocus={[Function]}
                onResponderGrant={[Function]}
                onResponderMove={[Function]}
                onResponderRelease={[Function]}
                onResponderTerminate={[Function]}
                onResponderTerminationRequest={[Function]}
                onStartShouldSetResponder={[Function]}
                style={
                  Object {
                    "alignItems": "center",
                    "width": "20%",
                  }
                }
                testID="addressChangeButtonPress"
              >
                <Text
                  style={
                    Array [
                      Object {
                        "color": "rgba(28, 27, 31, 1)",
                      },
                      Object {
                        "textAlign": "left",
                      },
                      Object {
                        "color": "#008D3E",
                        "fontSize": 14,
                        "fontWeight": "500",
                      },
                    ]
                  }
                  testID="addressChangeButtonTitle"
                >
                  Edit
                </Text>
              </View>
            </View>
            <View
              style={
                Array [
                  Object {
                    "backgroundColor": "rgba(231, 224, 236, 1)",
                    "height": 0.5,
                  },
                  undefined,
                  false,
                  false,
                  Object {
                    "marginVertical": 4,
                  },
                ]
              }
            />
            <View
              style={
                Object {
                  "alignItems": "flex-start",
                  "flexDirection": "row",
                  "justifyContent": "flex-start",
                  "marginVertical": 5,
                }
              }
              testID="addressComponent"
            >
              <View
                style={
                  Object {
                    "width": "80%",
                  }
                }
              >
                <Text
                  style={
                    Array [
                      Object {
                        "color": "rgba(28, 27, 31, 1)",
                      },
                      Object {
                        "textAlign": "left",
                      },
                      Object {
                        "color": "#364A15",
                        "fontSize": 14,
                        "fontWeight": "600",
                      },
                    ]
                  }
                  testID="addressText1"
                >
                  apartment, address, city, Country
                </Text>
                <Text
                  style={
                    Array [
                      Object {
                        "color": "rgba(28, 27, 31, 1)",
                      },
                      Object {
                        "textAlign": "left",
                      },
                      Object {
                        "color": "#808080",
                        "fontSize": 14,
                        "fontWeight": "500",
                      },
                    ]
                  }
                >
                  Landmark: Some great landmark
                </Text>
              </View>
              <View
                accessible={true}
                collapsable={false}
                focusable={true}
                onBlur={[Function]}
                onClick={[Function]}
                onFocus={[Function]}
                onResponderGrant={[Function]}
                onResponderMove={[Function]}
                onResponderRelease={[Function]}
                onResponderTerminate={[Function]}
                onResponderTerminationRequest={[Function]}
                onStartShouldSetResponder={[Function]}
                style={
                  Object {
                    "alignItems": "center",
                    "width": "20%",
                  }
                }
                testID="addressChangeButtonPress"
              >
                <Text
                  style={
                    Array [
                      Object {
                        "color": "rgba(28, 27, 31, 1)",
                      },
                      Object {
                        "textAlign": "left",
                      },
                      Object {
                        "color": "#008D3E",
                        "fontSize": 14,
                        "fontWeight": "500",
                      },
                    ]
                  }
                  testID="addressChangeButtonTitle"
                >
                  Edit
                </Text>
              </View>
            </View>
            <View
              style={
                Array [
                  Object {
                    "backgroundColor": "rgba(231, 224, 236, 1)",
                    "height": 0.5,
                  },
                  undefined,
                  false,
                  false,
                  Object {
                    "marginVertical": 4,
                  },
                ]
              }
            />
          </View>
        </View>
      </View>
    </View>
  </View>
</View>
`;
