// Jest Snapshot v1, https://goo.gl/fbAQLP

exports[`HeroSlide should render the item 1`] = `
<View
  style={
    {
      "marginVertical": 10,
    }
  }
  testID="heroSlide"
>
  <View
    accessibilityIgnoresInvertColors={true}
    style={
      {
        "height": 240,
        "width": "100%",
      }
    }
  >
    <Image
      source={
        {
          "uri": "https://cdn.shopify.com/s/files/1/0648/1303/9842/files/fresh-squeezed-orange-juice_300x.jpg?v=1653584430",
        }
      }
      style={
        [
          {
            "bottom": 0,
            "left": 0,
            "position": "absolute",
            "right": 0,
            "top": 0,
          },
          {
            "height": 240,
            "width": "100%",
          },
          undefined,
        ]
      }
      testID="backgroundImage"
    />
    <View
      style={
        {
          "backgroundColor": "rgba(0,0,0,0.1)",
          "height": "100%",
          "width": "100%",
        }
      }
    >
      <View
        style={
          {
            "alignItems": "flex-start",
            "display": "flex",
            "flexGrow": 1,
            "justifyContent": "flex-end",
            "marginHorizontal": 20,
            "marginVertical": 30,
          }
        }
      >
        <Text
          style={
            [
              {
                "color": "#000000",
                "fontFamily": "System",
                "fontWeight": "400",
              },
              {
                "textAlign": "left",
              },
              {
                "color": "#f6f6f6",
                "fontSize": 24,
                "fontWeight": "bold",
                "marginVertical": 5,
                "paddingTop": 10,
              },
            ]
          }
          variant="titleSmall"
        >
          test
        </Text>
        <Text
          style={
            [
              {
                "color": "#000000",
                "fontFamily": "System",
                "fontWeight": "400",
              },
              {
                "textAlign": "left",
              },
              {
                "color": "#f6f6f6",
                "fontSize": 16,
                "fontWeight": "400",
                "marginVertical": 10,
              },
            ]
          }
          variant="titleSmall"
        >
          test
        </Text>
        <View
          accessibilityState={
            {
              "disabled": true,
            }
          }
          accessible={true}
          focusable={false}
          onClick={[Function]}
          onResponderGrant={[Function]}
          onResponderMove={[Function]}
          onResponderRelease={[Function]}
          onResponderTerminate={[Function]}
          onResponderTerminationRequest={[Function]}
          onStartShouldSetResponder={[Function]}
          style={
            [
              false,
              undefined,
            ]
          }
          testID="heroSlideOnPress"
        >
          <View
            style={
              {
                "backgroundColor": "#f6f6f6",
                "borderRadius": 1,
              }
            }
          >
            <Text
              style={
                [
                  {
                    "color": "#000000",
                    "fontFamily": "System",
                    "fontWeight": "400",
                  },
                  {
                    "textAlign": "left",
                  },
                  {
                    "color": undefined,
                    "fontWeight": "700",
                    "paddingBottom": 8,
                    "paddingLeft": 18,
                    "paddingRight": 18,
                    "paddingTop": 8,
                  },
                ]
              }
              testID="buttonTitle"
              variant="labelSmall"
            >
              View All
            </Text>
          </View>
        </View>
      </View>
    </View>
  </View>
</View>
`;
