// Jest Snapshot v1, https://goo.gl/fbAQLP

exports[`BlogPosts should render the item 1`] = `
<View
  style={
    {
      "marginHorizontal": 10,
    }
  }
  testID="blogPosts"
>
  <View
    style={
      {
        "alignItems": "center",
        "flexDirection": "row",
        "justifyContent": "space-between",
      }
    }
  >
    <Text
      style={
        [
          {
            "color": "#000000",
            "fontFamily": "System",
            "fontWeight": "400",
          },
          {
            "textAlign": "left",
          },
          {
            "fontSize": 20,
            "marginBottom": 9,
          },
        ]
      }
      variant="titleLarge"
    >
      From the journal
    </Text>
    <View
      accessible={true}
      collapsable={false}
      focusable={true}
      onBlur={[Function]}
      onClick={[Function]}
      onFocus={[Function]}
      onResponderGrant={[Function]}
      onResponderMove={[Function]}
      onResponderRelease={[Function]}
      onResponderTerminate={[Function]}
      onResponderTerminationRequest={[Function]}
      onStartShouldSetResponder={[Function]}
      testID="handlePressBlogs"
    >
      <Text
        style={
          [
            {
              "color": "#000000",
              "fontFamily": "System",
              "fontWeight": "400",
            },
            {
              "textAlign": "left",
            },
            {
              "fontSize": 14,
              "marginBottom": 9,
              "textDecorationLine": "underline",
            },
          ]
        }
        variant="titleMedium"
      >
        View All
      </Text>
    </View>
  </View>
  <View
    style={
      {
        "flexDirection": "column",
      }
    }
  >
    <View
      style={
        {
          "width": "100%",
        }
      }
    >
      <View
        accessibilityState={
          {
            "disabled": false,
          }
        }
        accessible={true}
        focusable={true}
        onClick={[Function]}
        onResponderGrant={[Function]}
        onResponderMove={[Function]}
        onResponderRelease={[Function]}
        onResponderTerminate={[Function]}
        onResponderTerminationRequest={[Function]}
        onStartShouldSetResponder={[Function]}
        style={
          [
            false,
            undefined,
          ]
        }
      >
        <View
          style={
            {
              "alignItems": "center",
              "marginBottom": 10,
            }
          }
        >
          <Image
            source={
              {
                "uri": "https://cdn.shopify.com/s/files/1/0648/1303/9842/articles/Fathers-day-recipe-ideas-by-fresh-fruit-company-in-Dubai-1200x600_360x.jpg",
              }
            }
            style={
              {
                "height": 320,
                "width": "100%",
              }
            }
            testID="mainBlogImage"
          />
          <Text
            style={
              [
                {
                  "color": "#000000",
                  "fontFamily": "System",
                  "fontWeight": "400",
                },
                {
                  "textAlign": "left",
                },
                {
                  "fontSize": 16,
                  "fontWeight": "700",
                  "textAlign": "center",
                  "width": "70%",
                },
              ]
            }
            testID="mainBlogTitle"
          >
            blog title
          </Text>
          <Text
            style={
              [
                {
                  "color": "#000000",
                  "fontFamily": "System",
                  "fontWeight": "400",
                },
                {
                  "textAlign": "left",
                },
                {
                  "fontSize": 14,
                  "fontWeight": "400",
                },
              ]
            }
            testID="mainBlogDate"
          >
            May 26, 2022
          </Text>
        </View>
      </View>
    </View>
    <View
      style={
        [
          {
            "backgroundColor": "rgba(0, 0, 0, 0.12)",
            "height": 0.5,
          },
          undefined,
          {
            "marginVertical": 5,
          },
        ]
      }
    />
    <View
      style={
        {
          "marginHorizontal": 0,
          "width": "100%",
        }
      }
    >
      <View
        accessibilityState={
          {
            "disabled": false,
          }
        }
        accessible={true}
        focusable={true}
        onClick={[Function]}
        onResponderGrant={[Function]}
        onResponderMove={[Function]}
        onResponderRelease={[Function]}
        onResponderTerminate={[Function]}
        onResponderTerminationRequest={[Function]}
        onStartShouldSetResponder={[Function]}
        style={
          [
            false,
            undefined,
          ]
        }
      >
        <View
          style={
            {
              "flexDirection": "row",
              "marginBottom": 10,
            }
          }
        >
          <Image
            source={
              {
                "uri": "https://cdn.shopify.com/s/files/1/0648/1303/9842/articles/5-ways-to-reduce-food-wastage-with-Fresh-fruits-and-Vegetables-1200x600_520x500.jpg",
              }
            }
            style={
              {
                "height": 120,
                "width": "40%",
              }
            }
          />
          <View
            style={
              {
                "marginHorizontal": "2%",
                "width": "56%",
              }
            }
          >
            <Text
              style={
                [
                  {
                    "color": "#000000",
                    "fontFamily": "System",
                    "fontWeight": "400",
                  },
                  {
                    "textAlign": "left",
                  },
                  {
                    "fontSize": 16,
                    "fontWeight": "700",
                  },
                ]
              }
            >
              blog title
            </Text>
            <Text
              style={
                [
                  {
                    "color": "#000000",
                    "fontFamily": "System",
                    "fontWeight": "400",
                  },
                  {
                    "textAlign": "left",
                  },
                  {
                    "fontSize": 14,
                    "fontWeight": "400",
                  },
                ]
              }
            >
              May 26, 2022
            </Text>
          </View>
        </View>
      </View>
      <View
        accessibilityState={
          {
            "disabled": false,
          }
        }
        accessible={true}
        focusable={true}
        onClick={[Function]}
        onResponderGrant={[Function]}
        onResponderMove={[Function]}
        onResponderRelease={[Function]}
        onResponderTerminate={[Function]}
        onResponderTerminationRequest={[Function]}
        onStartShouldSetResponder={[Function]}
        style={
          [
            false,
            undefined,
          ]
        }
      >
        <View
          style={
            {
              "flexDirection": "row",
              "marginBottom": 10,
            }
          }
        >
          <Image
            source={
              {
                "uri": "https://cdn.shopify.com/s/files/1/0648/1303/9842/articles/5-ways-to-reduce-food-wastage-with-Fresh-fruits-and-Vegetables-1200x600_520x500.jpg",
              }
            }
            style={
              {
                "height": 120,
                "width": "40%",
              }
            }
          />
          <View
            style={
              {
                "marginHorizontal": "2%",
                "width": "56%",
              }
            }
          >
            <Text
              style={
                [
                  {
                    "color": "#000000",
                    "fontFamily": "System",
                    "fontWeight": "400",
                  },
                  {
                    "textAlign": "left",
                  },
                  {
                    "fontSize": 16,
                    "fontWeight": "700",
                  },
                ]
              }
            >
              blog title
            </Text>
            <Text
              style={
                [
                  {
                    "color": "#000000",
                    "fontFamily": "System",
                    "fontWeight": "400",
                  },
                  {
                    "textAlign": "left",
                  },
                  {
                    "fontSize": 14,
                    "fontWeight": "400",
                  },
                ]
              }
            >
              May 26, 2022
            </Text>
          </View>
        </View>
      </View>
    </View>
  </View>
</View>
`;
