// Jest Snapshot v1, https://goo.gl/fbAQLP

exports[`PromotionalProductGrid should render the item 1`] = `
<View
  style={
    Object {
      "flexDirection": "row",
      "flexWrap": "wrap",
      "marginVertical": 10,
    }
  }
  testID="promotionalProductGrid"
>
  <View>
    <View
      style={
        Object {
          "alignItems": "center",
          "marginHorizontal": 10,
        }
      }
    >
      <View
        style={
          Object {
            "alignItems": "center",
            "width": "100%",
          }
        }
      >
        <View
          accessibilityIgnoresInvertColors={true}
          style={
            Object {
              "height": 240,
              "width": "99%",
            }
          }
        >
          <Image
            source={
              Object {
                "uri": "https://burst.shopifycdn.com/photos/fruit-plate.jpg?width=373&height=373&format=pjpg&exif=1&iptc=1",
              }
            }
            style={
              Array [
                Object {
                  "bottom": 0,
                  "left": 0,
                  "position": "absolute",
                  "right": 0,
                  "top": 0,
                },
                Object {
                  "height": 240,
                  "width": "99%",
                },
                undefined,
              ]
            }
          />
          <View
            style={
              Object {
                "alignItems": "flex-end",
                "height": "100%",
                "justifyContent": "flex-start",
                "width": "100%",
              }
            }
          >
            <Text
              style={
                Array [
                  Object {
                    "color": "rgba(28, 27, 31, 1)",
                    "fontSize": 14,
                    "fontWeight": "500",
                    "letterSpacing": 0.1,
                    "lineHeight": 20,
                  },
                  Object {
                    "textAlign": "left",
                  },
                  Object {
                    "writingDirection": "ltr",
                  },
                  Object {
                    "backgroundColor": "#313652",
                    "borderRadius": 1,
                    "color": "rgba(255, 251, 254, 1)",
                    "fontSize": 14,
                    "fontWeight": "200",
                    "marginVertical": 5,
                    "paddingHorizontal": 10,
                    "paddingVertical": 10,
                  },
                ]
              }
            >
              New
            </Text>
            <Text
              style={
                Array [
                  Object {
                    "color": "rgba(28, 27, 31, 1)",
                    "fontSize": 14,
                    "fontWeight": "500",
                    "letterSpacing": 0.1,
                    "lineHeight": 20,
                  },
                  Object {
                    "textAlign": "left",
                  },
                  Object {
                    "writingDirection": "ltr",
                  },
                  Object {
                    "backgroundColor": "rgba(255, 251, 254, 1)",
                    "borderRadius": 1,
                    "color": "#000",
                    "fontSize": 14,
                    "fontWeight": "200",
                    "marginVertical": 5,
                    "paddingHorizontal": 10,
                    "paddingVertical": 10,
                  },
                ]
              }
            >
              $12.00
            </Text>
          </View>
        </View>
        <View
          style={
            Object {
              "alignItems": "center",
              "marginBottom": 10,
            }
          }
        >
          <Text
            style={
              Array [
                Object {
                  "color": "rgba(28, 27, 31, 1)",
                  "fontSize": 14,
                  "fontWeight": "500",
                  "letterSpacing": 0.1,
                  "lineHeight": 20,
                },
                Object {
                  "textAlign": "left",
                },
                Object {
                  "writingDirection": "ltr",
                },
                Object {
                  "color": "#000",
                  "fontSize": 14,
                  "fontWeight": "200",
                  "marginVertical": 5,
                },
              ]
            }
          >
            Heading
          </Text>
          <Text
            style={
              Array [
                Object {
                  "color": "rgba(28, 27, 31, 1)",
                  "fontSize": 14,
                  "fontWeight": "500",
                  "letterSpacing": 0.1,
                  "lineHeight": 20,
                },
                Object {
                  "textAlign": "left",
                },
                Object {
                  "writingDirection": "ltr",
                },
                Object {
                  "color": "#000",
                  "fontSize": 18,
                  "fontWeight": "200",
                  "marginVertical": 5,
                },
              ]
            }
          >
            Baby Yellow Pepper
          </Text>
          <Text
            style={
              Array [
                Object {
                  "color": "rgba(28, 27, 31, 1)",
                  "fontSize": 14,
                  "fontWeight": "500",
                  "letterSpacing": 0.1,
                  "lineHeight": 20,
                },
                Object {
                  "textAlign": "left",
                },
                Object {
                  "writingDirection": "ltr",
                },
                Object {
                  "color": "#000",
                  "fontSize": 14,
                  "fontWeight": "200",
                  "marginVertical": 5,
                },
              ]
            }
          >
            100% fresh. Sourced from Netherlands
          </Text>
          <View
            collapsable={false}
            style={
              Object {
                "shadowColor": "#000",
                "shadowOffset": Object {
                  "height": 0,
                  "width": 0,
                },
                "shadowOpacity": 0,
                "shadowRadius": 0,
              }
            }
          >
            <View
              collapsable={false}
              style={
                Object {
                  "shadowColor": "#000",
                  "shadowOffset": Object {
                    "height": 0,
                    "width": 0,
                  },
                  "shadowOpacity": 0,
                  "shadowRadius": 0,
                }
              }
            >
              <View
                collapsable={false}
                style={
                  Object {
                    "backgroundColor": "#000000",
                    "borderColor": "transparent",
                    "borderRadius": 1,
                    "borderStyle": "solid",
                    "borderWidth": 0,
                    "marginVertical": 5,
                    "minWidth": 64,
                  }
                }
              >
                <View
                  accessibilityRole="button"
                  accessibilityState={
                    Object {
                      "disabled": true,
                    }
                  }
                  accessible={true}
                  focusable={false}
                  onClick={[Function]}
                  onResponderGrant={[Function]}
                  onResponderMove={[Function]}
                  onResponderRelease={[Function]}
                  onResponderTerminate={[Function]}
                  onResponderTerminationRequest={[Function]}
                  onStartShouldSetResponder={[Function]}
                  style={
                    Array [
                      Object {
                        "overflow": "hidden",
                      },
                      Object {
                        "borderRadius": 1,
                      },
                    ]
                  }
                >
                  <View
                    style={
                      Array [
                        Object {
                          "alignItems": "center",
                          "flexDirection": "row",
                          "justifyContent": "center",
                        },
                        undefined,
                      ]
                    }
                  >
                    <Text
                      numberOfLines={1}
                      selectable={false}
                      style={
                        Array [
                          Object {
                            "color": "rgba(28, 27, 31, 1)",
                            "fontSize": 14,
                            "fontWeight": "500",
                            "letterSpacing": 0.1,
                            "lineHeight": 20,
                          },
                          Object {
                            "textAlign": "left",
                          },
                          Object {
                            "writingDirection": "ltr",
                          },
                          Array [
                            Object {
                              "marginHorizontal": 16,
                              "marginVertical": 9,
                              "textAlign": "center",
                            },
                            false,
                            Object {
                              "marginHorizontal": 24,
                              "marginVertical": 10,
                            },
                            undefined,
                            false,
                            Object {
                              "color": "rgba(255, 255, 255, 1)",
                              "fontFamily": "System",
                              "fontSize": 14,
                              "fontWeight": "500",
                              "letterSpacing": 0.1,
                              "lineHeight": 20,
                            },
                            undefined,
                          ],
                        ]
                      }
                    >
                      Shop
                    </Text>
                  </View>
                </View>
              </View>
            </View>
          </View>
        </View>
      </View>
    </View>
  </View>
  <View>
    <View
      style={
        Object {
          "alignItems": "center",
          "marginHorizontal": 10,
        }
      }
    >
      <View
        style={
          Object {
            "alignItems": "center",
            "width": "100%",
          }
        }
      >
        <View
          accessibilityIgnoresInvertColors={true}
          style={
            Object {
              "height": 240,
              "width": "99%",
            }
          }
        >
          <Image
            source={
              Object {
                "uri": "https://burst.shopifycdn.com/photos/red-and-green-gooseberries-against-white.jpg?width=373&format=pjpg&exif=1&iptc=1",
              }
            }
            style={
              Array [
                Object {
                  "bottom": 0,
                  "left": 0,
                  "position": "absolute",
                  "right": 0,
                  "top": 0,
                },
                Object {
                  "height": 240,
                  "width": "99%",
                },
                undefined,
              ]
            }
          />
          <View
            style={
              Object {
                "alignItems": "flex-end",
                "height": "100%",
                "justifyContent": "flex-start",
                "width": "100%",
              }
            }
          >
            <Text
              style={
                Array [
                  Object {
                    "color": "rgba(28, 27, 31, 1)",
                    "fontSize": 14,
                    "fontWeight": "500",
                    "letterSpacing": 0.1,
                    "lineHeight": 20,
                  },
                  Object {
                    "textAlign": "left",
                  },
                  Object {
                    "writingDirection": "ltr",
                  },
                  Object {
                    "backgroundColor": "#313652",
                    "borderRadius": 1,
                    "color": "rgba(255, 251, 254, 1)",
                    "fontSize": 14,
                    "fontWeight": "200",
                    "marginVertical": 5,
                    "paddingHorizontal": 10,
                    "paddingVertical": 10,
                  },
                ]
              }
            >
              New
            </Text>
            <Text
              style={
                Array [
                  Object {
                    "color": "rgba(28, 27, 31, 1)",
                    "fontSize": 14,
                    "fontWeight": "500",
                    "letterSpacing": 0.1,
                    "lineHeight": 20,
                  },
                  Object {
                    "textAlign": "left",
                  },
                  Object {
                    "writingDirection": "ltr",
                  },
                  Object {
                    "backgroundColor": "rgba(255, 251, 254, 1)",
                    "borderRadius": 1,
                    "color": "#000",
                    "fontSize": 14,
                    "fontWeight": "200",
                    "marginVertical": 5,
                    "paddingHorizontal": 10,
                    "paddingVertical": 10,
                  },
                ]
              }
            >
              $23.00
            </Text>
          </View>
        </View>
        <View
          style={
            Object {
              "alignItems": "center",
              "marginBottom": 10,
            }
          }
        >
          <Text
            style={
              Array [
                Object {
                  "color": "rgba(28, 27, 31, 1)",
                  "fontSize": 14,
                  "fontWeight": "500",
                  "letterSpacing": 0.1,
                  "lineHeight": 20,
                },
                Object {
                  "textAlign": "left",
                },
                Object {
                  "writingDirection": "ltr",
                },
                Object {
                  "color": "#000",
                  "fontSize": 14,
                  "fontWeight": "200",
                  "marginVertical": 5,
                },
              ]
            }
          >
            Heading
          </Text>
          <Text
            style={
              Array [
                Object {
                  "color": "rgba(28, 27, 31, 1)",
                  "fontSize": 14,
                  "fontWeight": "500",
                  "letterSpacing": 0.1,
                  "lineHeight": 20,
                },
                Object {
                  "textAlign": "left",
                },
                Object {
                  "writingDirection": "ltr",
                },
                Object {
                  "color": "#000",
                  "fontSize": 18,
                  "fontWeight": "200",
                  "marginVertical": 5,
                },
              ]
            }
          >
            Capsicum mixed
          </Text>
          <Text
            style={
              Array [
                Object {
                  "color": "rgba(28, 27, 31, 1)",
                  "fontSize": 14,
                  "fontWeight": "500",
                  "letterSpacing": 0.1,
                  "lineHeight": 20,
                },
                Object {
                  "textAlign": "left",
                },
                Object {
                  "writingDirection": "ltr",
                },
                Object {
                  "color": "#000",
                  "fontSize": 14,
                  "fontWeight": "200",
                  "marginVertical": 5,
                },
              ]
            }
          >
            100% fresh. Sourced from Netherlands
          </Text>
          <View
            collapsable={false}
            style={
              Object {
                "shadowColor": "#000",
                "shadowOffset": Object {
                  "height": 0,
                  "width": 0,
                },
                "shadowOpacity": 0,
                "shadowRadius": 0,
              }
            }
          >
            <View
              collapsable={false}
              style={
                Object {
                  "shadowColor": "#000",
                  "shadowOffset": Object {
                    "height": 0,
                    "width": 0,
                  },
                  "shadowOpacity": 0,
                  "shadowRadius": 0,
                }
              }
            >
              <View
                collapsable={false}
                style={
                  Object {
                    "backgroundColor": "#000000",
                    "borderColor": "transparent",
                    "borderRadius": 1,
                    "borderStyle": "solid",
                    "borderWidth": 0,
                    "marginVertical": 5,
                    "minWidth": 64,
                  }
                }
              >
                <View
                  accessibilityRole="button"
                  accessibilityState={
                    Object {
                      "disabled": true,
                    }
                  }
                  accessible={true}
                  focusable={false}
                  onClick={[Function]}
                  onResponderGrant={[Function]}
                  onResponderMove={[Function]}
                  onResponderRelease={[Function]}
                  onResponderTerminate={[Function]}
                  onResponderTerminationRequest={[Function]}
                  onStartShouldSetResponder={[Function]}
                  style={
                    Array [
                      Object {
                        "overflow": "hidden",
                      },
                      Object {
                        "borderRadius": 1,
                      },
                    ]
                  }
                >
                  <View
                    style={
                      Array [
                        Object {
                          "alignItems": "center",
                          "flexDirection": "row",
                          "justifyContent": "center",
                        },
                        undefined,
                      ]
                    }
                  >
                    <Text
                      numberOfLines={1}
                      selectable={false}
                      style={
                        Array [
                          Object {
                            "color": "rgba(28, 27, 31, 1)",
                            "fontSize": 14,
                            "fontWeight": "500",
                            "letterSpacing": 0.1,
                            "lineHeight": 20,
                          },
                          Object {
                            "textAlign": "left",
                          },
                          Object {
                            "writingDirection": "ltr",
                          },
                          Array [
                            Object {
                              "marginHorizontal": 16,
                              "marginVertical": 9,
                              "textAlign": "center",
                            },
                            false,
                            Object {
                              "marginHorizontal": 24,
                              "marginVertical": 10,
                            },
                            undefined,
                            false,
                            Object {
                              "color": "rgba(255, 255, 255, 1)",
                              "fontFamily": "System",
                              "fontSize": 14,
                              "fontWeight": "500",
                              "letterSpacing": 0.1,
                              "lineHeight": 20,
                            },
                            undefined,
                          ],
                        ]
                      }
                    >
                      Shop
                    </Text>
                  </View>
                </View>
              </View>
            </View>
          </View>
        </View>
      </View>
    </View>
  </View>
</View>
`;
