// Jest Snapshot v1, https://goo.gl/fbAQLP

exports[`PromotionalProductGrid should render the item 1`] = `
<View
  style={
    {
      "flexDirection": "row",
      "flexWrap": "wrap",
      "marginVertical": 10,
    }
  }
  testID="promotionalProductGrid"
>
  <View>
    <View
      style={
        {
          "alignItems": "center",
          "marginHorizontal": 10,
        }
      }
    >
      <View
        style={
          {
            "alignItems": "center",
            "width": "100%",
          }
        }
      >
        <View
          accessibilityIgnoresInvertColors={true}
          style={
            {
              "height": 240,
              "width": "99%",
            }
          }
        >
          <Image
            source={
              {
                "uri": "https://burst.shopifycdn.com/photos/fruit-plate.jpg?width=373&height=373&format=pjpg&exif=1&iptc=1",
              }
            }
            style={
              [
                {
                  "bottom": 0,
                  "left": 0,
                  "position": "absolute",
                  "right": 0,
                  "top": 0,
                },
                {
                  "height": 240,
                  "width": "99%",
                },
                undefined,
              ]
            }
          />
          <View
            style={
              {
                "alignItems": "flex-end",
                "height": "100%",
                "justifyContent": "flex-start",
                "width": "100%",
              }
            }
          >
            <Text
              style={
                [
                  {
                    "color": "#000000",
                    "fontFamily": "System",
                    "fontWeight": "400",
                  },
                  {
                    "textAlign": "left",
                  },
                  {
                    "backgroundColor": "#313652",
                    "borderRadius": 1,
                    "color": "#f6f6f6",
                    "fontSize": 14,
                    "fontWeight": "200",
                    "marginVertical": 5,
                    "paddingHorizontal": 10,
                    "paddingVertical": 10,
                  },
                ]
              }
              variant="titleSmall"
            >
              New
            </Text>
            <Text
              style={
                [
                  {
                    "color": "#000000",
                    "fontFamily": "System",
                    "fontWeight": "400",
                  },
                  {
                    "textAlign": "left",
                  },
                  {
                    "backgroundColor": "#f6f6f6",
                    "borderRadius": 1,
                    "color": "#000",
                    "fontSize": 14,
                    "fontWeight": "200",
                    "marginVertical": 5,
                    "paddingHorizontal": 10,
                    "paddingVertical": 10,
                  },
                ]
              }
              variant="titleSmall"
            >
              $12.00
            </Text>
          </View>
        </View>
        <View
          style={
            {
              "alignItems": "center",
              "marginBottom": 10,
            }
          }
        >
          <Text
            style={
              [
                {
                  "color": "#000000",
                  "fontFamily": "System",
                  "fontWeight": "400",
                },
                {
                  "textAlign": "left",
                },
                {
                  "color": "#000",
                  "fontSize": 14,
                  "fontWeight": "200",
                  "marginVertical": 5,
                },
              ]
            }
            variant="titleSmall"
          >
            Heading
          </Text>
          <Text
            style={
              [
                {
                  "color": "#000000",
                  "fontFamily": "System",
                  "fontWeight": "400",
                },
                {
                  "textAlign": "left",
                },
                {
                  "color": "#000",
                  "fontSize": 18,
                  "fontWeight": "200",
                  "marginVertical": 5,
                },
              ]
            }
            variant="titleSmall"
          >
            Baby Yellow Pepper
          </Text>
          <Text
            style={
              [
                {
                  "color": "#000000",
                  "fontFamily": "System",
                  "fontWeight": "400",
                },
                {
                  "textAlign": "left",
                },
                {
                  "color": "#000",
                  "fontSize": 14,
                  "fontWeight": "200",
                  "marginVertical": 5,
                },
              ]
            }
            variant="titleSmall"
          >
            100% fresh. Sourced from Netherlands
          </Text>
          <View
            collapsable={false}
            style={
              {
                "backgroundColor": "#000000",
                "borderColor": "transparent",
                "borderRadius": 1,
                "borderStyle": "solid",
                "borderWidth": 0,
                "elevation": 2,
                "marginVertical": 5,
                "minWidth": 64,
                "shadowColor": "#000000",
                "shadowOffset": {
                  "height": 0.75,
                  "width": 0,
                },
                "shadowOpacity": 0.24,
                "shadowRadius": 1.5,
              }
            }
          >
            <View
              accessibilityRole="button"
              accessibilityState={
                {
                  "disabled": true,
                }
              }
              accessible={true}
              focusable={false}
              onClick={[Function]}
              onResponderGrant={[Function]}
              onResponderMove={[Function]}
              onResponderRelease={[Function]}
              onResponderTerminate={[Function]}
              onResponderTerminationRequest={[Function]}
              onStartShouldSetResponder={[Function]}
              style={
                [
                  {
                    "overflow": "hidden",
                  },
                  {
                    "borderRadius": 1,
                  },
                ]
              }
            >
              <View
                style={
                  [
                    {
                      "alignItems": "center",
                      "flexDirection": "row",
                      "justifyContent": "center",
                    },
                    undefined,
                  ]
                }
              >
                <Text
                  numberOfLines={1}
                  selectable={false}
                  style={
                    [
                      {
                        "color": "#000000",
                        "fontFamily": "System",
                        "fontWeight": "400",
                      },
                      {
                        "textAlign": "left",
                      },
                      [
                        {
                          "letterSpacing": 1,
                          "marginHorizontal": 16,
                          "marginVertical": 9,
                          "textAlign": "center",
                        },
                        undefined,
                        {
                          "textTransform": "uppercase",
                        },
                        {
                          "color": "#ffffff",
                          "fontFamily": "System",
                          "fontWeight": "500",
                        },
                        {
                          "fontFamily": "System",
                          "fontWeight": "500",
                        },
                        undefined,
                      ],
                    ]
                  }
                >
                  Shop
                </Text>
              </View>
            </View>
          </View>
        </View>
      </View>
    </View>
  </View>
  <View>
    <View
      style={
        {
          "alignItems": "center",
          "marginHorizontal": 10,
        }
      }
    >
      <View
        style={
          {
            "alignItems": "center",
            "width": "100%",
          }
        }
      >
        <View
          accessibilityIgnoresInvertColors={true}
          style={
            {
              "height": 240,
              "width": "99%",
            }
          }
        >
          <Image
            source={
              {
                "uri": "https://burst.shopifycdn.com/photos/red-and-green-gooseberries-against-white.jpg?width=373&format=pjpg&exif=1&iptc=1",
              }
            }
            style={
              [
                {
                  "bottom": 0,
                  "left": 0,
                  "position": "absolute",
                  "right": 0,
                  "top": 0,
                },
                {
                  "height": 240,
                  "width": "99%",
                },
                undefined,
              ]
            }
          />
          <View
            style={
              {
                "alignItems": "flex-end",
                "height": "100%",
                "justifyContent": "flex-start",
                "width": "100%",
              }
            }
          >
            <Text
              style={
                [
                  {
                    "color": "#000000",
                    "fontFamily": "System",
                    "fontWeight": "400",
                  },
                  {
                    "textAlign": "left",
                  },
                  {
                    "backgroundColor": "#313652",
                    "borderRadius": 1,
                    "color": "#f6f6f6",
                    "fontSize": 14,
                    "fontWeight": "200",
                    "marginVertical": 5,
                    "paddingHorizontal": 10,
                    "paddingVertical": 10,
                  },
                ]
              }
              variant="titleSmall"
            >
              New
            </Text>
            <Text
              style={
                [
                  {
                    "color": "#000000",
                    "fontFamily": "System",
                    "fontWeight": "400",
                  },
                  {
                    "textAlign": "left",
                  },
                  {
                    "backgroundColor": "#f6f6f6",
                    "borderRadius": 1,
                    "color": "#000",
                    "fontSize": 14,
                    "fontWeight": "200",
                    "marginVertical": 5,
                    "paddingHorizontal": 10,
                    "paddingVertical": 10,
                  },
                ]
              }
              variant="titleSmall"
            >
              $23.00
            </Text>
          </View>
        </View>
        <View
          style={
            {
              "alignItems": "center",
              "marginBottom": 10,
            }
          }
        >
          <Text
            style={
              [
                {
                  "color": "#000000",
                  "fontFamily": "System",
                  "fontWeight": "400",
                },
                {
                  "textAlign": "left",
                },
                {
                  "color": "#000",
                  "fontSize": 14,
                  "fontWeight": "200",
                  "marginVertical": 5,
                },
              ]
            }
            variant="titleSmall"
          >
            Heading
          </Text>
          <Text
            style={
              [
                {
                  "color": "#000000",
                  "fontFamily": "System",
                  "fontWeight": "400",
                },
                {
                  "textAlign": "left",
                },
                {
                  "color": "#000",
                  "fontSize": 18,
                  "fontWeight": "200",
                  "marginVertical": 5,
                },
              ]
            }
            variant="titleSmall"
          >
            Capsicum mixed
          </Text>
          <Text
            style={
              [
                {
                  "color": "#000000",
                  "fontFamily": "System",
                  "fontWeight": "400",
                },
                {
                  "textAlign": "left",
                },
                {
                  "color": "#000",
                  "fontSize": 14,
                  "fontWeight": "200",
                  "marginVertical": 5,
                },
              ]
            }
            variant="titleSmall"
          >
            100% fresh. Sourced from Netherlands
          </Text>
          <View
            collapsable={false}
            style={
              {
                "backgroundColor": "#000000",
                "borderColor": "transparent",
                "borderRadius": 1,
                "borderStyle": "solid",
                "borderWidth": 0,
                "elevation": 2,
                "marginVertical": 5,
                "minWidth": 64,
                "shadowColor": "#000000",
                "shadowOffset": {
                  "height": 0.75,
                  "width": 0,
                },
                "shadowOpacity": 0.24,
                "shadowRadius": 1.5,
              }
            }
          >
            <View
              accessibilityRole="button"
              accessibilityState={
                {
                  "disabled": true,
                }
              }
              accessible={true}
              focusable={false}
              onClick={[Function]}
              onResponderGrant={[Function]}
              onResponderMove={[Function]}
              onResponderRelease={[Function]}
              onResponderTerminate={[Function]}
              onResponderTerminationRequest={[Function]}
              onStartShouldSetResponder={[Function]}
              style={
                [
                  {
                    "overflow": "hidden",
                  },
                  {
                    "borderRadius": 1,
                  },
                ]
              }
            >
              <View
                style={
                  [
                    {
                      "alignItems": "center",
                      "flexDirection": "row",
                      "justifyContent": "center",
                    },
                    undefined,
                  ]
                }
              >
                <Text
                  numberOfLines={1}
                  selectable={false}
                  style={
                    [
                      {
                        "color": "#000000",
                        "fontFamily": "System",
                        "fontWeight": "400",
                      },
                      {
                        "textAlign": "left",
                      },
                      [
                        {
                          "letterSpacing": 1,
                          "marginHorizontal": 16,
                          "marginVertical": 9,
                          "textAlign": "center",
                        },
                        undefined,
                        {
                          "textTransform": "uppercase",
                        },
                        {
                          "color": "#ffffff",
                          "fontFamily": "System",
                          "fontWeight": "500",
                        },
                        {
                          "fontFamily": "System",
                          "fontWeight": "500",
                        },
                        undefined,
                      ],
                    ]
                  }
                >
                  Shop
                </Text>
              </View>
            </View>
          </View>
        </View>
      </View>
    </View>
  </View>
</View>
`;
