// Jest Snapshot v1, https://goo.gl/fbAQLP

exports[`PricingCard should render the item 1`] = `
<View
  collapsable={false}
  style={
    {
      "backgroundColor": "#ffffff",
      "borderColor": "#E3E2E7",
      "borderRadius": 4,
      "borderWidth": 1,
      "elevation": 1,
      "marginHorizontal": 10,
      "marginVertical": 5,
      "shadowColor": "#000000",
      "shadowOffset": {
        "height": 0.5,
        "width": 0,
      },
      "shadowOpacity": 0.24,
      "shadowRadius": 0.75,
    }
  }
>
  <View
    accessibilityState={
      {
        "disabled": true,
      }
    }
    accessible={true}
    focusable={false}
    onClick={[Function]}
    onResponderGrant={[Function]}
    onResponderMove={[Function]}
    onResponderRelease={[Function]}
    onResponderTerminate={[Function]}
    onResponderTerminationRequest={[Function]}
    onStartShouldSetResponder={[Function]}
    style={
      {
        "flexGrow": 1,
        "flexShrink": 1,
      }
    }
    testID="pricingCard"
  >
    <View
      style={
        [
          {
            "paddingHorizontal": 16,
          },
          {
            "paddingVertical": 16,
          },
          undefined,
        ]
      }
    >
      <View
        style={
          {
            "flexDirection": "row",
            "justifyContent": "space-between",
            "marginHorizontal": 3,
            "marginVertical": 5,
          }
        }
      >
        <Text
          style={
            [
              {
                "color": "#808080",
                "fontSize": 14,
              },
              undefined,
            ]
          }
          testID="title"
        >
          Subtotal
        </Text>
        <Text
          style={
            [
              {
                "color": "#364A15",
                "fontSize": 14,
                "fontWeight": "600",
              },
              undefined,
            ]
          }
          testID="subtitle"
        >
          $10.10
        </Text>
      </View>
      <View
        style={
          {
            "flexDirection": "row",
            "justifyContent": "space-between",
            "marginHorizontal": 3,
            "marginVertical": 5,
          }
        }
      >
        <Text
          style={
            [
              {
                "color": "#808080",
                "fontSize": 14,
              },
              undefined,
            ]
          }
          testID="title"
        >
          Discount
        </Text>
        <Text
          style={
            [
              {
                "color": "#364A15",
                "fontSize": 14,
                "fontWeight": "600",
              },
              undefined,
            ]
          }
          testID="subtitle"
        >
          $10.10
        </Text>
      </View>
      <View
        style={
          {
            "flexDirection": "row",
            "justifyContent": "space-between",
            "marginHorizontal": 3,
            "marginVertical": 5,
          }
        }
      >
        <Text
          style={
            [
              {
                "color": "#808080",
                "fontSize": 14,
              },
              undefined,
            ]
          }
          testID="title"
        >
          Promo Discount
        </Text>
        <Text
          style={
            [
              {
                "color": "#364A15",
                "fontSize": 14,
                "fontWeight": "600",
              },
              undefined,
            ]
          }
          testID="subtitle"
        >
          $10.10
        </Text>
      </View>
      <View
        style={
          {
            "flexDirection": "row",
            "justifyContent": "space-between",
            "marginHorizontal": 3,
            "marginVertical": 5,
          }
        }
      >
        <Text
          style={
            [
              {
                "color": "#808080",
                "fontSize": 14,
              },
              undefined,
            ]
          }
          testID="title"
        >
          Shipping Charges.
        </Text>
        <Text
          style={
            [
              {
                "color": "#364A15",
                "fontSize": 14,
                "fontWeight": "600",
              },
              {
                "color": "#E94040",
                "fontWeight": "500",
              },
            ]
          }
          testID="subtitle"
        >
          $0.00
        </Text>
      </View>
      <View
        style={
          {
            "flexDirection": "row",
            "justifyContent": "space-between",
            "marginHorizontal": 3,
            "marginVertical": 5,
          }
        }
      >
        <Text
          style={
            [
              {
                "color": "#808080",
                "fontSize": 14,
              },
              {
                "color": "#364A15",
                "fontSize": 16,
                "fontWeight": "700",
              },
            ]
          }
          testID="title"
        >
          Total
        </Text>
        <Text
          style={
            [
              {
                "color": "#364A15",
                "fontSize": 14,
                "fontWeight": "600",
              },
              {
                "color": "#008D3E",
                "fontSize": 16,
                "fontWeight": "700",
              },
            ]
          }
          testID="subtitle"
        >
          $10.10
        </Text>
      </View>
    </View>
  </View>
</View>
`;
