// Jest Snapshot v1, https://goo.gl/fbAQLP

exports[`SubCategories should render the item 1`] = `
<View
  style={
    {
      "marginVertical": 5,
    }
  }
  testID="subCategories"
>
  <RCTScrollView
    data={
      [
        {
          "id": "1",
          "title": "All Fruits",
        },
        {
          "id": "2",
          "title": "All Fruits",
        },
      ]
    }
    getItem={[Function]}
    getItemCount={[Function]}
    horizontal={true}
    initialNumToRender={4}
    keyExtractor={[Function]}
    onContentSizeChange={[Function]}
    onLayout={[Function]}
    onMomentumScrollBegin={[Function]}
    onMomentumScrollEnd={[Function]}
    onScroll={[Function]}
    onScrollBeginDrag={[Function]}
    onScrollEndDrag={[Function]}
    renderItem={[Function]}
    scrollEventThrottle={50}
    stickyHeaderIndices={[]}
    testID="subCategoryList"
  >
    <View>
      <View
        onLayout={[Function]}
        style={
          [
            {
              "flexDirection": "row",
            },
            null,
          ]
        }
      >
        <View
          collapsable={false}
          style={
            {
              "backgroundColor": "#6200ee",
              "borderColor": undefined,
              "borderRadius": 2,
              "borderStyle": "solid",
              "borderWidth": 0,
              "elevation": 2,
              "marginHorizontal": 5,
              "marginVertical": 2,
              "minWidth": 64,
              "shadowColor": "#000000",
              "shadowOffset": {
                "height": 0.75,
                "width": 0,
              },
              "shadowOpacity": 0.24,
              "shadowRadius": 1.5,
            }
          }
        >
          <View
            accessibilityRole="button"
            accessibilityState={
              {
                "disabled": false,
              }
            }
            accessible={true}
            focusable={true}
            onClick={[Function]}
            onResponderGrant={[Function]}
            onResponderMove={[Function]}
            onResponderRelease={[Function]}
            onResponderTerminate={[Function]}
            onResponderTerminationRequest={[Function]}
            onStartShouldSetResponder={[Function]}
            style={
              [
                {
                  "overflow": "hidden",
                },
                {
                  "borderRadius": 2,
                },
              ]
            }
          >
            <View
              style={
                [
                  {
                    "alignItems": "center",
                    "flexDirection": "row",
                    "justifyContent": "center",
                  },
                  undefined,
                ]
              }
            >
              <Text
                numberOfLines={1}
                selectable={false}
                style={
                  [
                    {
                      "color": "#000000",
                      "fontFamily": "System",
                      "fontWeight": "400",
                    },
                    {
                      "textAlign": "left",
                    },
                    [
                      {
                        "letterSpacing": 1,
                        "marginHorizontal": 16,
                        "marginVertical": 9,
                        "textAlign": "center",
                      },
                      undefined,
                      {
                        "textTransform": "uppercase",
                      },
                      {
                        "color": "#ffffff",
                        "fontFamily": "System",
                        "fontWeight": "500",
                      },
                      {
                        "fontFamily": "System",
                        "fontWeight": "500",
                      },
                      {
                        "color": "#ffffff",
                        "fontSize": 12,
                        "fontWeight": "400",
                      },
                    ],
                  ]
                }
              >
                All Fruits
              </Text>
            </View>
          </View>
        </View>
      </View>
      <View
        onLayout={[Function]}
        style={
          [
            {
              "flexDirection": "row",
            },
            null,
          ]
        }
      >
        <View
          collapsable={false}
          style={
            {
              "backgroundColor": "transparent",
              "borderColor": undefined,
              "borderRadius": 2,
              "borderStyle": "solid",
              "borderWidth": 0.5,
              "elevation": 0,
              "marginHorizontal": 5,
              "marginVertical": 2,
              "minWidth": 64,
              "shadowColor": "#000000",
              "shadowOffset": {
                "height": 0,
                "width": 0,
              },
              "shadowOpacity": 0,
              "shadowRadius": 0,
            }
          }
        >
          <View
            accessibilityRole="button"
            accessibilityState={
              {
                "disabled": false,
              }
            }
            accessible={true}
            focusable={true}
            onClick={[Function]}
            onResponderGrant={[Function]}
            onResponderMove={[Function]}
            onResponderRelease={[Function]}
            onResponderTerminate={[Function]}
            onResponderTerminationRequest={[Function]}
            onStartShouldSetResponder={[Function]}
            style={
              [
                {
                  "overflow": "hidden",
                },
                {
                  "borderRadius": 2,
                },
              ]
            }
          >
            <View
              style={
                [
                  {
                    "alignItems": "center",
                    "flexDirection": "row",
                    "justifyContent": "center",
                  },
                  undefined,
                ]
              }
            >
              <Text
                numberOfLines={1}
                selectable={false}
                style={
                  [
                    {
                      "color": "#000000",
                      "fontFamily": "System",
                      "fontWeight": "400",
                    },
                    {
                      "textAlign": "left",
                    },
                    [
                      {
                        "letterSpacing": 1,
                        "marginHorizontal": 16,
                        "marginVertical": 9,
                        "textAlign": "center",
                      },
                      undefined,
                      {
                        "textTransform": "uppercase",
                      },
                      {
                        "color": "#6200ee",
                        "fontFamily": "System",
                        "fontWeight": "500",
                      },
                      {
                        "fontFamily": "System",
                        "fontWeight": "500",
                      },
                      {
                        "color": "#364A15",
                        "fontSize": 12,
                        "fontWeight": "400",
                      },
                    ],
                  ]
                }
              >
                All Fruits
              </Text>
            </View>
          </View>
        </View>
      </View>
    </View>
  </RCTScrollView>
</View>
`;
