// Jest Snapshot v1, https://goo.gl/fbAQLP

exports[`TextWithImage should render the item 1`] = `
<View
  style={
    {
      "alignItems": "center",
    }
  }
  testID="textWithImage"
>
  <Text
    style={
      [
        {
          "color": "#000000",
          "fontFamily": "System",
          "fontWeight": "400",
        },
        {
          "textAlign": "left",
        },
        {
          "color": "#000",
          "fontSize": 22,
          "fontWeight": "100",
          "marginVertical": 10,
          "textAlign": "center",
        },
      ]
    }
    variant="titleSmall"
  >
    How It Works
  </Text>
  <View
    style={
      {
        "flexDirection": "row",
        "flexWrap": "wrap",
      }
    }
  >
    <View>
      <View
        style={
          {
            "alignItems": "center",
            "marginVertical": 10,
          }
        }
      >
        <Image
          source={
            {
              "uri": "",
            }
          }
          style={
            {
              "backgroundColor": "rgba(0,0,0,0.1)",
              "borderRadius": 4,
              "height": 240,
              "marginHorizontal": 5,
              "width": 240,
            }
          }
        />
        <Text
          style={
            [
              {
                "color": "#000000",
                "fontFamily": "System",
                "fontWeight": "400",
              },
              {
                "textAlign": "left",
              },
              {
                "color": "#000",
                "fontSize": 18,
                "fontWeight": "100",
                "marginVertical": 5,
                "textAlign": "center",
              },
            ]
          }
          variant="titleSmall"
        >
          Register
        </Text>
        <Text
          style={
            [
              {
                "color": "#000000",
                "fontFamily": "System",
                "fontWeight": "400",
              },
              {
                "textAlign": "left",
              },
              {
                "color": "#000",
                "fontSize": 16,
                "fontWeight": "100",
                "marginBottom": 10,
                "textAlign": "center",
              },
            ]
          }
          variant="titleSmall"
        >
          Description Register
        </Text>
      </View>
    </View>
    <View>
      <View
        style={
          {
            "alignItems": "center",
            "marginVertical": 10,
          }
        }
      >
        <Image
          source={
            {
              "uri": "",
            }
          }
          style={
            {
              "backgroundColor": "rgba(0,0,0,0.1)",
              "borderRadius": 4,
              "height": 240,
              "marginHorizontal": 5,
              "width": 240,
            }
          }
        />
        <Text
          style={
            [
              {
                "color": "#000000",
                "fontFamily": "System",
                "fontWeight": "400",
              },
              {
                "textAlign": "left",
              },
              {
                "color": "#000",
                "fontSize": 18,
                "fontWeight": "100",
                "marginVertical": 5,
                "textAlign": "center",
              },
            ]
          }
          variant="titleSmall"
        >
          Select Products & Place Order
        </Text>
        <Text
          style={
            [
              {
                "color": "#000000",
                "fontFamily": "System",
                "fontWeight": "400",
              },
              {
                "textAlign": "left",
              },
              {
                "color": "#000",
                "fontSize": 16,
                "fontWeight": "100",
                "marginBottom": 10,
                "textAlign": "center",
              },
            ]
          }
          variant="titleSmall"
        >
          Description Select Products & Place Order
        </Text>
      </View>
    </View>
    <View>
      <View
        style={
          {
            "alignItems": "center",
            "marginVertical": 10,
          }
        }
      >
        <Image
          source={
            {
              "uri": "",
            }
          }
          style={
            {
              "backgroundColor": "rgba(0,0,0,0.1)",
              "borderRadius": 4,
              "height": 240,
              "marginHorizontal": 5,
              "width": 240,
            }
          }
        />
        <Text
          style={
            [
              {
                "color": "#000000",
                "fontFamily": "System",
                "fontWeight": "400",
              },
              {
                "textAlign": "left",
              },
              {
                "color": "#000",
                "fontSize": 18,
                "fontWeight": "100",
                "marginVertical": 5,
                "textAlign": "center",
              },
            ]
          }
          variant="titleSmall"
        >
          Schedule Delivery
        </Text>
        <Text
          style={
            [
              {
                "color": "#000000",
                "fontFamily": "System",
                "fontWeight": "400",
              },
              {
                "textAlign": "left",
              },
              {
                "color": "#000",
                "fontSize": 16,
                "fontWeight": "100",
                "marginBottom": 10,
                "textAlign": "center",
              },
            ]
          }
          variant="titleSmall"
        >
          Description Schedule Delivery
        </Text>
      </View>
    </View>
  </View>
</View>
`;
