// Jest Snapshot v1, https://goo.gl/fbAQLP

exports[`DefaultLayout should render the layout 1`] = `
<div>
  <div
    class=""
  >
    <div
      class=""
    >
      <div
        class=""
        data-component="skip-to-content"
      >
        Skip to content
      </div>
      <button
        aria-expanded="false"
        aria-haspopup="true"
        class=""
        data-baseweb="button"
        id="1__anchor"
      >
        <span
          class=""
        >
          <svg
            class=""
            height="48"
            size="22"
            viewBox="0 0 500 500"
            width="48px"
            xmlns="http://www.w3.org/2000/svg"
          >
            <g
              data-name="Layer 2"
              id="Layer_2"
            >
              <g
                data-name="Layer 1"
                id="Layer_1-2"
              >
                <polygon
                  class=""
                  points="250 174.64 299.5 216.1 250 257.55 250 310.26 344.16 231.4 344.16 200.8 250 121.93 250 174.64"
                />
                <polygon
                  class=""
                  points="250 242.45 200.5 283.9 250 325.36 250 378.07 155.84 299.2 155.84 268.6 250 189.74 250 242.45"
                />
              </g>
            </g>
          </svg>
        </span>
        <span
          class=""
        >
          Anthaathi
        </span>
      </button>
      <div
        class=""
      />
      <button
        aria-expanded="false"
        aria-haspopup="true"
        class=""
        data-baseweb="button"
        id="2__anchor"
      >
        <span
          class=""
        >
          <div
            class=""
            size="22"
            width="48px"
          />
        </span>
        <span
          class=""
        >
          Home
        </span>
      </button>
      <button
        class=""
        data-baseweb="button"
      >
        <svg
          aria-hidden="true"
          fill="currentColor"
          focusable="false"
          height="18"
          preserveAspectRatio="xMidYMid meet"
          viewBox="0 0 32 32"
          width="18"
          xmlns="http://www.w3.org/2000/svg"
        >
          <path
            d="M22 16L12 26 10.6 24.6 19.2 16 10.6 7.4 12 6z"
          />
        </svg>
      </button>
    </div>
    <div
      class=""
    >
      test
    </div>
  </div>
</div>
`;
