// Jest Snapshot v1, https://goo.gl/fbAQLP

exports[`DeliveryAddressCard should render the item 1`] = `
<View
  collapsable={false}
  style={
    {
      "backgroundColor": "#ffffff",
      "borderColor": "#E3E2E7",
      "borderRadius": 4,
      "borderWidth": 1,
      "elevation": 1,
      "marginHorizontal": 10,
      "marginVertical": 5,
      "shadowColor": "#000000",
      "shadowOffset": {
        "height": 0.5,
        "width": 0,
      },
      "shadowOpacity": 0.24,
      "shadowRadius": 0.75,
    }
  }
>
  <View
    accessibilityState={
      {
        "disabled": true,
      }
    }
    accessible={true}
    focusable={false}
    onClick={[Function]}
    onResponderGrant={[Function]}
    onResponderMove={[Function]}
    onResponderRelease={[Function]}
    onResponderTerminate={[Function]}
    onResponderTerminationRequest={[Function]}
    onStartShouldSetResponder={[Function]}
    style={
      {
        "flexGrow": 1,
        "flexShrink": 1,
      }
    }
    testID="deliveryAddressCard"
  >
    <View
      style={
        [
          {
            "paddingHorizontal": 16,
          },
          {
            "paddingVertical": 16,
          },
          undefined,
        ]
      }
    >
      <Text
        style={
          [
            {
              "color": "#000000",
              "fontFamily": "System",
              "fontWeight": "400",
            },
            {
              "textAlign": "left",
            },
            {
              "color": "#364A15",
              "fontSize": 16,
              "fontWeight": "600",
            },
          ]
        }
      >
        Delivery Address
      </Text>
      <View
        style={
          {
            "flexDirection": "row",
            "marginVertical": 5,
          }
        }
      >
        <Text
          style={
            [
              {
                "color": "#000000",
                "fontFamily": "System",
                "fontWeight": "400",
              },
              {
                "textAlign": "left",
              },
              {
                "color": "#364A15",
                "fontSize": 14,
                "width": "85%",
              },
            ]
          }
        >
          USA
        </Text>
        <View
          accessible={true}
          collapsable={false}
          focusable={true}
          onBlur={[Function]}
          onClick={[Function]}
          onFocus={[Function]}
          onResponderGrant={[Function]}
          onResponderMove={[Function]}
          onResponderRelease={[Function]}
          onResponderTerminate={[Function]}
          onResponderTerminationRequest={[Function]}
          onStartShouldSetResponder={[Function]}
          style={
            {
              "paddingHorizontal": 10,
            }
          }
          testID="changeAddressButton"
        >
          <Text
            style={
              [
                {
                  "color": "#000000",
                  "fontFamily": "System",
                  "fontWeight": "400",
                },
                {
                  "textAlign": "left",
                },
                {
                  "color": "#008D3E",
                  "fontSize": 14,
                  "fontWeight": "500",
                },
              ]
            }
            testID="deliverAddressButtonTitle"
          >
            Change
          </Text>
        </View>
      </View>
      <View
        style={
          {
            "flexDirection": "row",
            "marginVertical": 5,
          }
        }
      >
        <Text
          style={
            [
              {
                "color": "#000000",
                "fontFamily": "System",
                "fontWeight": "400",
              },
              {
                "textAlign": "left",
              },
              {
                "color": "#808080",
                "fontSize": 14,
              },
            ]
          }
        >
          Mobile
        </Text>
        <Text
          style={
            [
              {
                "color": "#000000",
                "fontFamily": "System",
                "fontWeight": "400",
              },
              {
                "textAlign": "left",
              },
              {
                "color": "#364A15",
                "fontSize": 14,
              },
            ]
          }
        >
          : +90909090
        </Text>
      </View>
    </View>
  </View>
</View>
`;
