// Jest Snapshot v1, https://goo.gl/fbAQLP

exports[`DeliveryDateSelection should render the item 1`] = `
<View
  style={
    {
      "marginHorizontal": 10,
    }
  }
  testID="deliveryDateSelection"
>
  <View
    style={
      {
        "alignItems": "center",
        "flexDirection": "row",
        "justifyContent": "space-between",
        "marginBottom": 5,
      }
    }
  >
    <Text
      style={
        [
          {
            "color": "#000000",
            "fontFamily": "System",
            "fontWeight": "400",
          },
          {
            "textAlign": "left",
          },
          {
            "color": undefined,
            "fontSize": 16,
            "fontWeight": "600",
          },
        ]
      }
    >
      Delivery Date
    </Text>
    <View
      accessible={true}
      collapsable={false}
      focusable={true}
      onBlur={[Function]}
      onClick={[Function]}
      onFocus={[Function]}
      onResponderGrant={[Function]}
      onResponderMove={[Function]}
      onResponderRelease={[Function]}
      onResponderTerminate={[Function]}
      onResponderTerminationRequest={[Function]}
      onStartShouldSetResponder={[Function]}
      style={
        {
          "flexDirection": "row",
          "justifyContent": "center",
        }
      }
      testID="selectMonth"
    >
      <Text
        style={
          [
            {
              "color": "#000000",
              "fontFamily": "System",
              "fontWeight": "400",
            },
            {
              "textAlign": "left",
            },
            {
              "color": undefined,
              "fontSize": 16,
              "fontWeight": "600",
            },
          ]
        }
      >
        August
      </Text>
      <Text
        allowFontScaling={false}
        selectable={false}
        style={
          [
            {
              "color": undefined,
              "fontSize": 20,
            },
            undefined,
            {
              "fontFamily": "Material Design Icons",
              "fontStyle": "normal",
              "fontWeight": "normal",
            },
            {},
          ]
        }
      >
        󰅀
      </Text>
    </View>
  </View>
  <View>
    <RCTScrollView
      horizontal={true}
    >
      <View>
        <View
          accessible={true}
          collapsable={false}
          focusable={true}
          onBlur={[Function]}
          onClick={[Function]}
          onFocus={[Function]}
          onResponderGrant={[Function]}
          onResponderMove={[Function]}
          onResponderRelease={[Function]}
          onResponderTerminate={[Function]}
          onResponderTerminationRequest={[Function]}
          onStartShouldSetResponder={[Function]}
          style={
            {
              "alignItems": "center",
              "backgroundColor": "#F1F9F4",
              "borderRadius": 2,
              "justifyContent": "center",
              "marginRight": 10,
              "paddingHorizontal": 20,
              "paddingVertical": 15,
            }
          }
        >
          <Text
            style={
              [
                {
                  "color": "#000000",
                  "fontFamily": "System",
                  "fontWeight": "400",
                },
                {
                  "textAlign": "left",
                },
                {
                  "color": undefined,
                  "fontSize": 14,
                  "fontWeight": "400",
                },
              ]
            }
          >
            Day
          </Text>
          <Text
            style={
              [
                {
                  "color": "#000000",
                  "fontFamily": "System",
                  "fontWeight": "400",
                },
                {
                  "textAlign": "left",
                },
                {
                  "color": undefined,
                  "fontSize": 14,
                  "fontWeight": "400",
                },
              ]
            }
          >
            00
          </Text>
        </View>
        <View
          accessible={true}
          collapsable={false}
          focusable={true}
          onBlur={[Function]}
          onClick={[Function]}
          onFocus={[Function]}
          onResponderGrant={[Function]}
          onResponderMove={[Function]}
          onResponderRelease={[Function]}
          onResponderTerminate={[Function]}
          onResponderTerminationRequest={[Function]}
          onStartShouldSetResponder={[Function]}
          style={
            {
              "alignItems": "center",
              "backgroundColor": "#F1F9F4",
              "borderRadius": 2,
              "justifyContent": "center",
              "marginRight": 10,
              "paddingHorizontal": 20,
              "paddingVertical": 15,
            }
          }
        >
          <Text
            style={
              [
                {
                  "color": "#000000",
                  "fontFamily": "System",
                  "fontWeight": "400",
                },
                {
                  "textAlign": "left",
                },
                {
                  "color": undefined,
                  "fontSize": 14,
                  "fontWeight": "400",
                },
              ]
            }
          >
            Day
          </Text>
          <Text
            style={
              [
                {
                  "color": "#000000",
                  "fontFamily": "System",
                  "fontWeight": "400",
                },
                {
                  "textAlign": "left",
                },
                {
                  "color": undefined,
                  "fontSize": 14,
                  "fontWeight": "400",
                },
              ]
            }
          >
            00
          </Text>
        </View>
        <View
          accessible={true}
          collapsable={false}
          focusable={true}
          onBlur={[Function]}
          onClick={[Function]}
          onFocus={[Function]}
          onResponderGrant={[Function]}
          onResponderMove={[Function]}
          onResponderRelease={[Function]}
          onResponderTerminate={[Function]}
          onResponderTerminationRequest={[Function]}
          onStartShouldSetResponder={[Function]}
          style={
            {
              "alignItems": "center",
              "backgroundColor": "#F1F9F4",
              "borderRadius": 2,
              "justifyContent": "center",
              "marginRight": 10,
              "paddingHorizontal": 20,
              "paddingVertical": 15,
            }
          }
        >
          <Text
            style={
              [
                {
                  "color": "#000000",
                  "fontFamily": "System",
                  "fontWeight": "400",
                },
                {
                  "textAlign": "left",
                },
                {
                  "color": undefined,
                  "fontSize": 14,
                  "fontWeight": "400",
                },
              ]
            }
          >
            Day
          </Text>
          <Text
            style={
              [
                {
                  "color": "#000000",
                  "fontFamily": "System",
                  "fontWeight": "400",
                },
                {
                  "textAlign": "left",
                },
                {
                  "color": undefined,
                  "fontSize": 14,
                  "fontWeight": "400",
                },
              ]
            }
          >
            00
          </Text>
        </View>
        <View
          accessible={true}
          collapsable={false}
          focusable={true}
          onBlur={[Function]}
          onClick={[Function]}
          onFocus={[Function]}
          onResponderGrant={[Function]}
          onResponderMove={[Function]}
          onResponderRelease={[Function]}
          onResponderTerminate={[Function]}
          onResponderTerminationRequest={[Function]}
          onStartShouldSetResponder={[Function]}
          style={
            {
              "alignItems": "center",
              "backgroundColor": "#F1F9F4",
              "borderRadius": 2,
              "justifyContent": "center",
              "marginRight": 10,
              "paddingHorizontal": 20,
              "paddingVertical": 15,
            }
          }
        >
          <Text
            style={
              [
                {
                  "color": "#000000",
                  "fontFamily": "System",
                  "fontWeight": "400",
                },
                {
                  "textAlign": "left",
                },
                {
                  "color": undefined,
                  "fontSize": 14,
                  "fontWeight": "400",
                },
              ]
            }
          >
            Day
          </Text>
          <Text
            style={
              [
                {
                  "color": "#000000",
                  "fontFamily": "System",
                  "fontWeight": "400",
                },
                {
                  "textAlign": "left",
                },
                {
                  "color": undefined,
                  "fontSize": 14,
                  "fontWeight": "400",
                },
              ]
            }
          >
            00
          </Text>
        </View>
        <View
          accessible={true}
          collapsable={false}
          focusable={true}
          onBlur={[Function]}
          onClick={[Function]}
          onFocus={[Function]}
          onResponderGrant={[Function]}
          onResponderMove={[Function]}
          onResponderRelease={[Function]}
          onResponderTerminate={[Function]}
          onResponderTerminationRequest={[Function]}
          onStartShouldSetResponder={[Function]}
          style={
            {
              "alignItems": "center",
              "backgroundColor": "#F1F9F4",
              "borderRadius": 2,
              "justifyContent": "center",
              "marginRight": 10,
              "paddingHorizontal": 20,
              "paddingVertical": 15,
            }
          }
        >
          <Text
            style={
              [
                {
                  "color": "#000000",
                  "fontFamily": "System",
                  "fontWeight": "400",
                },
                {
                  "textAlign": "left",
                },
                {
                  "color": undefined,
                  "fontSize": 14,
                  "fontWeight": "400",
                },
              ]
            }
          >
            Day
          </Text>
          <Text
            style={
              [
                {
                  "color": "#000000",
                  "fontFamily": "System",
                  "fontWeight": "400",
                },
                {
                  "textAlign": "left",
                },
                {
                  "color": undefined,
                  "fontSize": 14,
                  "fontWeight": "400",
                },
              ]
            }
          >
            00
          </Text>
        </View>
        <View
          accessible={true}
          collapsable={false}
          focusable={true}
          onBlur={[Function]}
          onClick={[Function]}
          onFocus={[Function]}
          onResponderGrant={[Function]}
          onResponderMove={[Function]}
          onResponderRelease={[Function]}
          onResponderTerminate={[Function]}
          onResponderTerminationRequest={[Function]}
          onStartShouldSetResponder={[Function]}
          style={
            {
              "alignItems": "center",
              "backgroundColor": "#F1F9F4",
              "borderRadius": 2,
              "justifyContent": "center",
              "marginRight": 10,
              "paddingHorizontal": 20,
              "paddingVertical": 15,
            }
          }
        >
          <Text
            style={
              [
                {
                  "color": "#000000",
                  "fontFamily": "System",
                  "fontWeight": "400",
                },
                {
                  "textAlign": "left",
                },
                {
                  "color": undefined,
                  "fontSize": 14,
                  "fontWeight": "400",
                },
              ]
            }
          >
            Day
          </Text>
          <Text
            style={
              [
                {
                  "color": "#000000",
                  "fontFamily": "System",
                  "fontWeight": "400",
                },
                {
                  "textAlign": "left",
                },
                {
                  "color": undefined,
                  "fontSize": 14,
                  "fontWeight": "400",
                },
              ]
            }
          >
            00
          </Text>
        </View>
        <View
          accessible={true}
          collapsable={false}
          focusable={true}
          onBlur={[Function]}
          onClick={[Function]}
          onFocus={[Function]}
          onResponderGrant={[Function]}
          onResponderMove={[Function]}
          onResponderRelease={[Function]}
          onResponderTerminate={[Function]}
          onResponderTerminationRequest={[Function]}
          onStartShouldSetResponder={[Function]}
          style={
            {
              "alignItems": "center",
              "backgroundColor": "#F1F9F4",
              "borderRadius": 2,
              "justifyContent": "center",
              "marginRight": 10,
              "paddingHorizontal": 20,
              "paddingVertical": 15,
            }
          }
        >
          <Text
            style={
              [
                {
                  "color": "#000000",
                  "fontFamily": "System",
                  "fontWeight": "400",
                },
                {
                  "textAlign": "left",
                },
                {
                  "color": undefined,
                  "fontSize": 14,
                  "fontWeight": "400",
                },
              ]
            }
          >
            Day
          </Text>
          <Text
            style={
              [
                {
                  "color": "#000000",
                  "fontFamily": "System",
                  "fontWeight": "400",
                },
                {
                  "textAlign": "left",
                },
                {
                  "color": undefined,
                  "fontSize": 14,
                  "fontWeight": "400",
                },
              ]
            }
          >
            00
          </Text>
        </View>
        <View
          accessible={true}
          collapsable={false}
          focusable={true}
          onBlur={[Function]}
          onClick={[Function]}
          onFocus={[Function]}
          onResponderGrant={[Function]}
          onResponderMove={[Function]}
          onResponderRelease={[Function]}
          onResponderTerminate={[Function]}
          onResponderTerminationRequest={[Function]}
          onStartShouldSetResponder={[Function]}
          style={
            {
              "alignItems": "center",
              "backgroundColor": "#F1F9F4",
              "borderRadius": 2,
              "justifyContent": "center",
              "marginRight": 10,
              "paddingHorizontal": 20,
              "paddingVertical": 15,
            }
          }
        >
          <Text
            style={
              [
                {
                  "color": "#000000",
                  "fontFamily": "System",
                  "fontWeight": "400",
                },
                {
                  "textAlign": "left",
                },
                {
                  "color": undefined,
                  "fontSize": 14,
                  "fontWeight": "400",
                },
              ]
            }
          >
            Day
          </Text>
          <Text
            style={
              [
                {
                  "color": "#000000",
                  "fontFamily": "System",
                  "fontWeight": "400",
                },
                {
                  "textAlign": "left",
                },
                {
                  "color": undefined,
                  "fontSize": 14,
                  "fontWeight": "400",
                },
              ]
            }
          >
            00
          </Text>
        </View>
        <View
          accessible={true}
          collapsable={false}
          focusable={true}
          onBlur={[Function]}
          onClick={[Function]}
          onFocus={[Function]}
          onResponderGrant={[Function]}
          onResponderMove={[Function]}
          onResponderRelease={[Function]}
          onResponderTerminate={[Function]}
          onResponderTerminationRequest={[Function]}
          onStartShouldSetResponder={[Function]}
          style={
            {
              "alignItems": "center",
              "backgroundColor": "#F1F9F4",
              "borderRadius": 2,
              "justifyContent": "center",
              "marginRight": 10,
              "paddingHorizontal": 20,
              "paddingVertical": 15,
            }
          }
        >
          <Text
            style={
              [
                {
                  "color": "#000000",
                  "fontFamily": "System",
                  "fontWeight": "400",
                },
                {
                  "textAlign": "left",
                },
                {
                  "color": undefined,
                  "fontSize": 14,
                  "fontWeight": "400",
                },
              ]
            }
          >
            Day
          </Text>
          <Text
            style={
              [
                {
                  "color": "#000000",
                  "fontFamily": "System",
                  "fontWeight": "400",
                },
                {
                  "textAlign": "left",
                },
                {
                  "color": undefined,
                  "fontSize": 14,
                  "fontWeight": "400",
                },
              ]
            }
          >
            00
          </Text>
        </View>
        <View
          accessible={true}
          collapsable={false}
          focusable={true}
          onBlur={[Function]}
          onClick={[Function]}
          onFocus={[Function]}
          onResponderGrant={[Function]}
          onResponderMove={[Function]}
          onResponderRelease={[Function]}
          onResponderTerminate={[Function]}
          onResponderTerminationRequest={[Function]}
          onStartShouldSetResponder={[Function]}
          style={
            {
              "alignItems": "center",
              "backgroundColor": "#F1F9F4",
              "borderRadius": 2,
              "justifyContent": "center",
              "marginRight": 10,
              "paddingHorizontal": 20,
              "paddingVertical": 15,
            }
          }
        >
          <Text
            style={
              [
                {
                  "color": "#000000",
                  "fontFamily": "System",
                  "fontWeight": "400",
                },
                {
                  "textAlign": "left",
                },
                {
                  "color": undefined,
                  "fontSize": 14,
                  "fontWeight": "400",
                },
              ]
            }
          >
            Day
          </Text>
          <Text
            style={
              [
                {
                  "color": "#000000",
                  "fontFamily": "System",
                  "fontWeight": "400",
                },
                {
                  "textAlign": "left",
                },
                {
                  "color": undefined,
                  "fontSize": 14,
                  "fontWeight": "400",
                },
              ]
            }
          >
            00
          </Text>
        </View>
        <View
          accessible={true}
          collapsable={false}
          focusable={true}
          onBlur={[Function]}
          onClick={[Function]}
          onFocus={[Function]}
          onResponderGrant={[Function]}
          onResponderMove={[Function]}
          onResponderRelease={[Function]}
          onResponderTerminate={[Function]}
          onResponderTerminationRequest={[Function]}
          onStartShouldSetResponder={[Function]}
          style={
            {
              "alignItems": "center",
              "backgroundColor": "#F1F9F4",
              "borderRadius": 2,
              "justifyContent": "center",
              "marginRight": 10,
              "paddingHorizontal": 20,
              "paddingVertical": 15,
            }
          }
        >
          <Text
            style={
              [
                {
                  "color": "#000000",
                  "fontFamily": "System",
                  "fontWeight": "400",
                },
                {
                  "textAlign": "left",
                },
                {
                  "color": undefined,
                  "fontSize": 14,
                  "fontWeight": "400",
                },
              ]
            }
          >
            Day
          </Text>
          <Text
            style={
              [
                {
                  "color": "#000000",
                  "fontFamily": "System",
                  "fontWeight": "400",
                },
                {
                  "textAlign": "left",
                },
                {
                  "color": undefined,
                  "fontSize": 14,
                  "fontWeight": "400",
                },
              ]
            }
          >
            00
          </Text>
        </View>
        <View
          accessible={true}
          collapsable={false}
          focusable={true}
          onBlur={[Function]}
          onClick={[Function]}
          onFocus={[Function]}
          onResponderGrant={[Function]}
          onResponderMove={[Function]}
          onResponderRelease={[Function]}
          onResponderTerminate={[Function]}
          onResponderTerminationRequest={[Function]}
          onStartShouldSetResponder={[Function]}
          style={
            {
              "alignItems": "center",
              "backgroundColor": "#F1F9F4",
              "borderRadius": 2,
              "justifyContent": "center",
              "marginRight": 10,
              "paddingHorizontal": 20,
              "paddingVertical": 15,
            }
          }
        >
          <Text
            style={
              [
                {
                  "color": "#000000",
                  "fontFamily": "System",
                  "fontWeight": "400",
                },
                {
                  "textAlign": "left",
                },
                {
                  "color": undefined,
                  "fontSize": 14,
                  "fontWeight": "400",
                },
              ]
            }
          >
            Day
          </Text>
          <Text
            style={
              [
                {
                  "color": "#000000",
                  "fontFamily": "System",
                  "fontWeight": "400",
                },
                {
                  "textAlign": "left",
                },
                {
                  "color": undefined,
                  "fontSize": 14,
                  "fontWeight": "400",
                },
              ]
            }
          >
            00
          </Text>
        </View>
        <View
          accessible={true}
          collapsable={false}
          focusable={true}
          onBlur={[Function]}
          onClick={[Function]}
          onFocus={[Function]}
          onResponderGrant={[Function]}
          onResponderMove={[Function]}
          onResponderRelease={[Function]}
          onResponderTerminate={[Function]}
          onResponderTerminationRequest={[Function]}
          onStartShouldSetResponder={[Function]}
          style={
            {
              "alignItems": "center",
              "backgroundColor": "#F1F9F4",
              "borderRadius": 2,
              "justifyContent": "center",
              "marginRight": 10,
              "paddingHorizontal": 20,
              "paddingVertical": 15,
            }
          }
        >
          <Text
            style={
              [
                {
                  "color": "#000000",
                  "fontFamily": "System",
                  "fontWeight": "400",
                },
                {
                  "textAlign": "left",
                },
                {
                  "color": undefined,
                  "fontSize": 14,
                  "fontWeight": "400",
                },
              ]
            }
          >
            Day
          </Text>
          <Text
            style={
              [
                {
                  "color": "#000000",
                  "fontFamily": "System",
                  "fontWeight": "400",
                },
                {
                  "textAlign": "left",
                },
                {
                  "color": undefined,
                  "fontSize": 14,
                  "fontWeight": "400",
                },
              ]
            }
          >
            00
          </Text>
        </View>
        <View
          accessible={true}
          collapsable={false}
          focusable={true}
          onBlur={[Function]}
          onClick={[Function]}
          onFocus={[Function]}
          onResponderGrant={[Function]}
          onResponderMove={[Function]}
          onResponderRelease={[Function]}
          onResponderTerminate={[Function]}
          onResponderTerminationRequest={[Function]}
          onStartShouldSetResponder={[Function]}
          style={
            {
              "alignItems": "center",
              "backgroundColor": "#F1F9F4",
              "borderRadius": 2,
              "justifyContent": "center",
              "marginRight": 10,
              "paddingHorizontal": 20,
              "paddingVertical": 15,
            }
          }
        >
          <Text
            style={
              [
                {
                  "color": "#000000",
                  "fontFamily": "System",
                  "fontWeight": "400",
                },
                {
                  "textAlign": "left",
                },
                {
                  "color": undefined,
                  "fontSize": 14,
                  "fontWeight": "400",
                },
              ]
            }
          >
            Day
          </Text>
          <Text
            style={
              [
                {
                  "color": "#000000",
                  "fontFamily": "System",
                  "fontWeight": "400",
                },
                {
                  "textAlign": "left",
                },
                {
                  "color": undefined,
                  "fontSize": 14,
                  "fontWeight": "400",
                },
              ]
            }
          >
            00
          </Text>
        </View>
        <View
          accessible={true}
          collapsable={false}
          focusable={true}
          onBlur={[Function]}
          onClick={[Function]}
          onFocus={[Function]}
          onResponderGrant={[Function]}
          onResponderMove={[Function]}
          onResponderRelease={[Function]}
          onResponderTerminate={[Function]}
          onResponderTerminationRequest={[Function]}
          onStartShouldSetResponder={[Function]}
          style={
            {
              "alignItems": "center",
              "backgroundColor": "#F1F9F4",
              "borderRadius": 2,
              "justifyContent": "center",
              "marginRight": 10,
              "paddingHorizontal": 20,
              "paddingVertical": 15,
            }
          }
        >
          <Text
            style={
              [
                {
                  "color": "#000000",
                  "fontFamily": "System",
                  "fontWeight": "400",
                },
                {
                  "textAlign": "left",
                },
                {
                  "color": undefined,
                  "fontSize": 14,
                  "fontWeight": "400",
                },
              ]
            }
          >
            Day
          </Text>
          <Text
            style={
              [
                {
                  "color": "#000000",
                  "fontFamily": "System",
                  "fontWeight": "400",
                },
                {
                  "textAlign": "left",
                },
                {
                  "color": undefined,
                  "fontSize": 14,
                  "fontWeight": "400",
                },
              ]
            }
          >
            00
          </Text>
        </View>
        <View
          accessible={true}
          collapsable={false}
          focusable={true}
          onBlur={[Function]}
          onClick={[Function]}
          onFocus={[Function]}
          onResponderGrant={[Function]}
          onResponderMove={[Function]}
          onResponderRelease={[Function]}
          onResponderTerminate={[Function]}
          onResponderTerminationRequest={[Function]}
          onStartShouldSetResponder={[Function]}
          style={
            {
              "alignItems": "center",
              "backgroundColor": "#F1F9F4",
              "borderRadius": 2,
              "justifyContent": "center",
              "marginRight": 10,
              "paddingHorizontal": 20,
              "paddingVertical": 15,
            }
          }
        >
          <Text
            style={
              [
                {
                  "color": "#000000",
                  "fontFamily": "System",
                  "fontWeight": "400",
                },
                {
                  "textAlign": "left",
                },
                {
                  "color": undefined,
                  "fontSize": 14,
                  "fontWeight": "400",
                },
              ]
            }
          >
            Day
          </Text>
          <Text
            style={
              [
                {
                  "color": "#000000",
                  "fontFamily": "System",
                  "fontWeight": "400",
                },
                {
                  "textAlign": "left",
                },
                {
                  "color": undefined,
                  "fontSize": 14,
                  "fontWeight": "400",
                },
              ]
            }
          >
            00
          </Text>
        </View>
        <View
          accessible={true}
          collapsable={false}
          focusable={true}
          onBlur={[Function]}
          onClick={[Function]}
          onFocus={[Function]}
          onResponderGrant={[Function]}
          onResponderMove={[Function]}
          onResponderRelease={[Function]}
          onResponderTerminate={[Function]}
          onResponderTerminationRequest={[Function]}
          onStartShouldSetResponder={[Function]}
          style={
            {
              "alignItems": "center",
              "backgroundColor": "#F1F9F4",
              "borderRadius": 2,
              "justifyContent": "center",
              "marginRight": 10,
              "paddingHorizontal": 20,
              "paddingVertical": 15,
            }
          }
        >
          <Text
            style={
              [
                {
                  "color": "#000000",
                  "fontFamily": "System",
                  "fontWeight": "400",
                },
                {
                  "textAlign": "left",
                },
                {
                  "color": undefined,
                  "fontSize": 14,
                  "fontWeight": "400",
                },
              ]
            }
          >
            Day
          </Text>
          <Text
            style={
              [
                {
                  "color": "#000000",
                  "fontFamily": "System",
                  "fontWeight": "400",
                },
                {
                  "textAlign": "left",
                },
                {
                  "color": undefined,
                  "fontSize": 14,
                  "fontWeight": "400",
                },
              ]
            }
          >
            00
          </Text>
        </View>
        <View
          accessible={true}
          collapsable={false}
          focusable={true}
          onBlur={[Function]}
          onClick={[Function]}
          onFocus={[Function]}
          onResponderGrant={[Function]}
          onResponderMove={[Function]}
          onResponderRelease={[Function]}
          onResponderTerminate={[Function]}
          onResponderTerminationRequest={[Function]}
          onStartShouldSetResponder={[Function]}
          style={
            {
              "alignItems": "center",
              "backgroundColor": "#F1F9F4",
              "borderRadius": 2,
              "justifyContent": "center",
              "marginRight": 10,
              "paddingHorizontal": 20,
              "paddingVertical": 15,
            }
          }
        >
          <Text
            style={
              [
                {
                  "color": "#000000",
                  "fontFamily": "System",
                  "fontWeight": "400",
                },
                {
                  "textAlign": "left",
                },
                {
                  "color": undefined,
                  "fontSize": 14,
                  "fontWeight": "400",
                },
              ]
            }
          >
            Day
          </Text>
          <Text
            style={
              [
                {
                  "color": "#000000",
                  "fontFamily": "System",
                  "fontWeight": "400",
                },
                {
                  "textAlign": "left",
                },
                {
                  "color": undefined,
                  "fontSize": 14,
                  "fontWeight": "400",
                },
              ]
            }
          >
            00
          </Text>
        </View>
        <View
          accessible={true}
          collapsable={false}
          focusable={true}
          onBlur={[Function]}
          onClick={[Function]}
          onFocus={[Function]}
          onResponderGrant={[Function]}
          onResponderMove={[Function]}
          onResponderRelease={[Function]}
          onResponderTerminate={[Function]}
          onResponderTerminationRequest={[Function]}
          onStartShouldSetResponder={[Function]}
          style={
            {
              "alignItems": "center",
              "backgroundColor": "#F1F9F4",
              "borderRadius": 2,
              "justifyContent": "center",
              "marginRight": 10,
              "paddingHorizontal": 20,
              "paddingVertical": 15,
            }
          }
        >
          <Text
            style={
              [
                {
                  "color": "#000000",
                  "fontFamily": "System",
                  "fontWeight": "400",
                },
                {
                  "textAlign": "left",
                },
                {
                  "color": undefined,
                  "fontSize": 14,
                  "fontWeight": "400",
                },
              ]
            }
          >
            Day
          </Text>
          <Text
            style={
              [
                {
                  "color": "#000000",
                  "fontFamily": "System",
                  "fontWeight": "400",
                },
                {
                  "textAlign": "left",
                },
                {
                  "color": undefined,
                  "fontSize": 14,
                  "fontWeight": "400",
                },
              ]
            }
          >
            00
          </Text>
        </View>
        <View
          accessible={true}
          collapsable={false}
          focusable={true}
          onBlur={[Function]}
          onClick={[Function]}
          onFocus={[Function]}
          onResponderGrant={[Function]}
          onResponderMove={[Function]}
          onResponderRelease={[Function]}
          onResponderTerminate={[Function]}
          onResponderTerminationRequest={[Function]}
          onStartShouldSetResponder={[Function]}
          style={
            {
              "alignItems": "center",
              "backgroundColor": "#F1F9F4",
              "borderRadius": 2,
              "justifyContent": "center",
              "marginRight": 10,
              "paddingHorizontal": 20,
              "paddingVertical": 15,
            }
          }
        >
          <Text
            style={
              [
                {
                  "color": "#000000",
                  "fontFamily": "System",
                  "fontWeight": "400",
                },
                {
                  "textAlign": "left",
                },
                {
                  "color": undefined,
                  "fontSize": 14,
                  "fontWeight": "400",
                },
              ]
            }
          >
            Day
          </Text>
          <Text
            style={
              [
                {
                  "color": "#000000",
                  "fontFamily": "System",
                  "fontWeight": "400",
                },
                {
                  "textAlign": "left",
                },
                {
                  "color": undefined,
                  "fontSize": 14,
                  "fontWeight": "400",
                },
              ]
            }
          >
            00
          </Text>
        </View>
        <View
          accessible={true}
          collapsable={false}
          focusable={true}
          onBlur={[Function]}
          onClick={[Function]}
          onFocus={[Function]}
          onResponderGrant={[Function]}
          onResponderMove={[Function]}
          onResponderRelease={[Function]}
          onResponderTerminate={[Function]}
          onResponderTerminationRequest={[Function]}
          onStartShouldSetResponder={[Function]}
          style={
            {
              "alignItems": "center",
              "backgroundColor": "#F1F9F4",
              "borderRadius": 2,
              "justifyContent": "center",
              "marginRight": 10,
              "paddingHorizontal": 20,
              "paddingVertical": 15,
            }
          }
        >
          <Text
            style={
              [
                {
                  "color": "#000000",
                  "fontFamily": "System",
                  "fontWeight": "400",
                },
                {
                  "textAlign": "left",
                },
                {
                  "color": undefined,
                  "fontSize": 14,
                  "fontWeight": "400",
                },
              ]
            }
          >
            Day
          </Text>
          <Text
            style={
              [
                {
                  "color": "#000000",
                  "fontFamily": "System",
                  "fontWeight": "400",
                },
                {
                  "textAlign": "left",
                },
                {
                  "color": undefined,
                  "fontSize": 14,
                  "fontWeight": "400",
                },
              ]
            }
          >
            00
          </Text>
        </View>
        <View
          accessible={true}
          collapsable={false}
          focusable={true}
          onBlur={[Function]}
          onClick={[Function]}
          onFocus={[Function]}
          onResponderGrant={[Function]}
          onResponderMove={[Function]}
          onResponderRelease={[Function]}
          onResponderTerminate={[Function]}
          onResponderTerminationRequest={[Function]}
          onStartShouldSetResponder={[Function]}
          style={
            {
              "alignItems": "center",
              "backgroundColor": "#F1F9F4",
              "borderRadius": 2,
              "justifyContent": "center",
              "marginRight": 10,
              "paddingHorizontal": 20,
              "paddingVertical": 15,
            }
          }
        >
          <Text
            style={
              [
                {
                  "color": "#000000",
                  "fontFamily": "System",
                  "fontWeight": "400",
                },
                {
                  "textAlign": "left",
                },
                {
                  "color": undefined,
                  "fontSize": 14,
                  "fontWeight": "400",
                },
              ]
            }
          >
            Day
          </Text>
          <Text
            style={
              [
                {
                  "color": "#000000",
                  "fontFamily": "System",
                  "fontWeight": "400",
                },
                {
                  "textAlign": "left",
                },
                {
                  "color": undefined,
                  "fontSize": 14,
                  "fontWeight": "400",
                },
              ]
            }
          >
            00
          </Text>
        </View>
        <View
          accessible={true}
          collapsable={false}
          focusable={true}
          onBlur={[Function]}
          onClick={[Function]}
          onFocus={[Function]}
          onResponderGrant={[Function]}
          onResponderMove={[Function]}
          onResponderRelease={[Function]}
          onResponderTerminate={[Function]}
          onResponderTerminationRequest={[Function]}
          onStartShouldSetResponder={[Function]}
          style={
            {
              "alignItems": "center",
              "backgroundColor": "#F1F9F4",
              "borderRadius": 2,
              "justifyContent": "center",
              "marginRight": 10,
              "paddingHorizontal": 20,
              "paddingVertical": 15,
            }
          }
        >
          <Text
            style={
              [
                {
                  "color": "#000000",
                  "fontFamily": "System",
                  "fontWeight": "400",
                },
                {
                  "textAlign": "left",
                },
                {
                  "color": undefined,
                  "fontSize": 14,
                  "fontWeight": "400",
                },
              ]
            }
          >
            Day
          </Text>
          <Text
            style={
              [
                {
                  "color": "#000000",
                  "fontFamily": "System",
                  "fontWeight": "400",
                },
                {
                  "textAlign": "left",
                },
                {
                  "color": undefined,
                  "fontSize": 14,
                  "fontWeight": "400",
                },
              ]
            }
          >
            00
          </Text>
        </View>
        <View
          accessible={true}
          collapsable={false}
          focusable={true}
          onBlur={[Function]}
          onClick={[Function]}
          onFocus={[Function]}
          onResponderGrant={[Function]}
          onResponderMove={[Function]}
          onResponderRelease={[Function]}
          onResponderTerminate={[Function]}
          onResponderTerminationRequest={[Function]}
          onStartShouldSetResponder={[Function]}
          style={
            {
              "alignItems": "center",
              "backgroundColor": "#F1F9F4",
              "borderRadius": 2,
              "justifyContent": "center",
              "marginRight": 10,
              "paddingHorizontal": 20,
              "paddingVertical": 15,
            }
          }
        >
          <Text
            style={
              [
                {
                  "color": "#000000",
                  "fontFamily": "System",
                  "fontWeight": "400",
                },
                {
                  "textAlign": "left",
                },
                {
                  "color": undefined,
                  "fontSize": 14,
                  "fontWeight": "400",
                },
              ]
            }
          >
            Day
          </Text>
          <Text
            style={
              [
                {
                  "color": "#000000",
                  "fontFamily": "System",
                  "fontWeight": "400",
                },
                {
                  "textAlign": "left",
                },
                {
                  "color": undefined,
                  "fontSize": 14,
                  "fontWeight": "400",
                },
              ]
            }
          >
            00
          </Text>
        </View>
        <View
          accessible={true}
          collapsable={false}
          focusable={true}
          onBlur={[Function]}
          onClick={[Function]}
          onFocus={[Function]}
          onResponderGrant={[Function]}
          onResponderMove={[Function]}
          onResponderRelease={[Function]}
          onResponderTerminate={[Function]}
          onResponderTerminationRequest={[Function]}
          onStartShouldSetResponder={[Function]}
          style={
            {
              "alignItems": "center",
              "backgroundColor": "#F1F9F4",
              "borderRadius": 2,
              "justifyContent": "center",
              "marginRight": 10,
              "paddingHorizontal": 20,
              "paddingVertical": 15,
            }
          }
        >
          <Text
            style={
              [
                {
                  "color": "#000000",
                  "fontFamily": "System",
                  "fontWeight": "400",
                },
                {
                  "textAlign": "left",
                },
                {
                  "color": undefined,
                  "fontSize": 14,
                  "fontWeight": "400",
                },
              ]
            }
          >
            Day
          </Text>
          <Text
            style={
              [
                {
                  "color": "#000000",
                  "fontFamily": "System",
                  "fontWeight": "400",
                },
                {
                  "textAlign": "left",
                },
                {
                  "color": undefined,
                  "fontSize": 14,
                  "fontWeight": "400",
                },
              ]
            }
          >
            00
          </Text>
        </View>
        <View
          accessible={true}
          collapsable={false}
          focusable={true}
          onBlur={[Function]}
          onClick={[Function]}
          onFocus={[Function]}
          onResponderGrant={[Function]}
          onResponderMove={[Function]}
          onResponderRelease={[Function]}
          onResponderTerminate={[Function]}
          onResponderTerminationRequest={[Function]}
          onStartShouldSetResponder={[Function]}
          style={
            {
              "alignItems": "center",
              "backgroundColor": "#F1F9F4",
              "borderRadius": 2,
              "justifyContent": "center",
              "marginRight": 10,
              "paddingHorizontal": 20,
              "paddingVertical": 15,
            }
          }
        >
          <Text
            style={
              [
                {
                  "color": "#000000",
                  "fontFamily": "System",
                  "fontWeight": "400",
                },
                {
                  "textAlign": "left",
                },
                {
                  "color": undefined,
                  "fontSize": 14,
                  "fontWeight": "400",
                },
              ]
            }
          >
            Day
          </Text>
          <Text
            style={
              [
                {
                  "color": "#000000",
                  "fontFamily": "System",
                  "fontWeight": "400",
                },
                {
                  "textAlign": "left",
                },
                {
                  "color": undefined,
                  "fontSize": 14,
                  "fontWeight": "400",
                },
              ]
            }
          >
            00
          </Text>
        </View>
        <View
          accessible={true}
          collapsable={false}
          focusable={true}
          onBlur={[Function]}
          onClick={[Function]}
          onFocus={[Function]}
          onResponderGrant={[Function]}
          onResponderMove={[Function]}
          onResponderRelease={[Function]}
          onResponderTerminate={[Function]}
          onResponderTerminationRequest={[Function]}
          onStartShouldSetResponder={[Function]}
          style={
            {
              "alignItems": "center",
              "backgroundColor": "#F1F9F4",
              "borderRadius": 2,
              "justifyContent": "center",
              "marginRight": 10,
              "paddingHorizontal": 20,
              "paddingVertical": 15,
            }
          }
        >
          <Text
            style={
              [
                {
                  "color": "#000000",
                  "fontFamily": "System",
                  "fontWeight": "400",
                },
                {
                  "textAlign": "left",
                },
                {
                  "color": undefined,
                  "fontSize": 14,
                  "fontWeight": "400",
                },
              ]
            }
          >
            Day
          </Text>
          <Text
            style={
              [
                {
                  "color": "#000000",
                  "fontFamily": "System",
                  "fontWeight": "400",
                },
                {
                  "textAlign": "left",
                },
                {
                  "color": undefined,
                  "fontSize": 14,
                  "fontWeight": "400",
                },
              ]
            }
          >
            00
          </Text>
        </View>
        <View
          accessible={true}
          collapsable={false}
          focusable={true}
          onBlur={[Function]}
          onClick={[Function]}
          onFocus={[Function]}
          onResponderGrant={[Function]}
          onResponderMove={[Function]}
          onResponderRelease={[Function]}
          onResponderTerminate={[Function]}
          onResponderTerminationRequest={[Function]}
          onStartShouldSetResponder={[Function]}
          style={
            {
              "alignItems": "center",
              "backgroundColor": "#F1F9F4",
              "borderRadius": 2,
              "justifyContent": "center",
              "marginRight": 10,
              "paddingHorizontal": 20,
              "paddingVertical": 15,
            }
          }
        >
          <Text
            style={
              [
                {
                  "color": "#000000",
                  "fontFamily": "System",
                  "fontWeight": "400",
                },
                {
                  "textAlign": "left",
                },
                {
                  "color": undefined,
                  "fontSize": 14,
                  "fontWeight": "400",
                },
              ]
            }
          >
            Day
          </Text>
          <Text
            style={
              [
                {
                  "color": "#000000",
                  "fontFamily": "System",
                  "fontWeight": "400",
                },
                {
                  "textAlign": "left",
                },
                {
                  "color": undefined,
                  "fontSize": 14,
                  "fontWeight": "400",
                },
              ]
            }
          >
            00
          </Text>
        </View>
        <View
          accessible={true}
          collapsable={false}
          focusable={true}
          onBlur={[Function]}
          onClick={[Function]}
          onFocus={[Function]}
          onResponderGrant={[Function]}
          onResponderMove={[Function]}
          onResponderRelease={[Function]}
          onResponderTerminate={[Function]}
          onResponderTerminationRequest={[Function]}
          onStartShouldSetResponder={[Function]}
          style={
            {
              "alignItems": "center",
              "backgroundColor": "#F1F9F4",
              "borderRadius": 2,
              "justifyContent": "center",
              "marginRight": 10,
              "paddingHorizontal": 20,
              "paddingVertical": 15,
            }
          }
        >
          <Text
            style={
              [
                {
                  "color": "#000000",
                  "fontFamily": "System",
                  "fontWeight": "400",
                },
                {
                  "textAlign": "left",
                },
                {
                  "color": undefined,
                  "fontSize": 14,
                  "fontWeight": "400",
                },
              ]
            }
          >
            Day
          </Text>
          <Text
            style={
              [
                {
                  "color": "#000000",
                  "fontFamily": "System",
                  "fontWeight": "400",
                },
                {
                  "textAlign": "left",
                },
                {
                  "color": undefined,
                  "fontSize": 14,
                  "fontWeight": "400",
                },
              ]
            }
          >
            00
          </Text>
        </View>
        <View
          accessible={true}
          collapsable={false}
          focusable={true}
          onBlur={[Function]}
          onClick={[Function]}
          onFocus={[Function]}
          onResponderGrant={[Function]}
          onResponderMove={[Function]}
          onResponderRelease={[Function]}
          onResponderTerminate={[Function]}
          onResponderTerminationRequest={[Function]}
          onStartShouldSetResponder={[Function]}
          style={
            {
              "alignItems": "center",
              "backgroundColor": "#F1F9F4",
              "borderRadius": 2,
              "justifyContent": "center",
              "marginRight": 10,
              "paddingHorizontal": 20,
              "paddingVertical": 15,
            }
          }
        >
          <Text
            style={
              [
                {
                  "color": "#000000",
                  "fontFamily": "System",
                  "fontWeight": "400",
                },
                {
                  "textAlign": "left",
                },
                {
                  "color": undefined,
                  "fontSize": 14,
                  "fontWeight": "400",
                },
              ]
            }
          >
            Day
          </Text>
          <Text
            style={
              [
                {
                  "color": "#000000",
                  "fontFamily": "System",
                  "fontWeight": "400",
                },
                {
                  "textAlign": "left",
                },
                {
                  "color": undefined,
                  "fontSize": 14,
                  "fontWeight": "400",
                },
              ]
            }
          >
            00
          </Text>
        </View>
      </View>
    </RCTScrollView>
  </View>
</View>
`;
