// Jest Snapshot v1, https://goo.gl/fbAQLP

exports[`CategoryCard should render the item 1`] = `
<View
  style={
    {
      "marginHorizontal": 10,
    }
  }
  testID="categoryCard"
>
  <Text
    style={
      [
        {
          "color": "#000000",
          "fontFamily": "System",
          "fontWeight": "400",
        },
        {
          "textAlign": "left",
        },
        {
          "fontSize": 20,
          "marginBottom": 9,
        },
      ]
    }
    variant="titleLarge"
  >
    Categories
  </Text>
  <View
    style={
      {
        "display": "flex",
        "flexDirection": "row",
        "flexWrap": "wrap",
      }
    }
  >
    <View
      accessibilityState={
        {
          "disabled": false,
        }
      }
      accessible={true}
      focusable={true}
      onClick={[Function]}
      onResponderGrant={[Function]}
      onResponderMove={[Function]}
      onResponderRelease={[Function]}
      onResponderTerminate={[Function]}
      onResponderTerminationRequest={[Function]}
      onStartShouldSetResponder={[Function]}
      style={
        [
          false,
          undefined,
        ]
      }
    >
      <View
        style={
          {
            "height": 240,
            "marginHorizontal": "1%",
            "marginVertical": 10,
            "width": "48%",
          }
        }
      >
        <View>
          <Image
            source={
              {
                "uri": "https://burst.shopifycdn.com/photos/tea-cup-with-hot-peppers-and-yellow-tomatoes-on-red.jpg?width=240&format=pjpg&exif=1&iptc=1",
              }
            }
            style={
              {
                "height": "85%",
                "width": "100%",
              }
            }
            testID="categoryImage"
          />
          <Text
            style={
              [
                {
                  "color": "#000000",
                  "fontFamily": "System",
                  "fontWeight": "400",
                },
                {
                  "textAlign": "left",
                },
                {
                  "fontWeight": "600",
                  "marginBottom": 12,
                  "marginTop": 6,
                  "textAlign": "center",
                },
              ]
            }
            variant="labelMedium"
          >
            test
          </Text>
        </View>
      </View>
    </View>
  </View>
</View>
`;
