// Jest Snapshot v1, https://goo.gl/fbAQLP

exports[`CategoryCard should render the item 1`] = `
<View
  style={
    Object {
      "marginHorizontal": 10,
    }
  }
  testID="categoryCard"
>
  <Text
    style={
      Array [
        Object {
          "color": "rgba(28, 27, 31, 1)",
          "fontSize": 22,
          "fontWeight": "400",
          "letterSpacing": 0,
          "lineHeight": 28,
        },
        Object {
          "textAlign": "left",
        },
        Object {
          "writingDirection": "ltr",
        },
        Object {
          "fontSize": 20,
          "marginBottom": 9,
        },
      ]
    }
  >
    Categories
  </Text>
  <View
    style={
      Object {
        "display": "flex",
        "flexDirection": "row",
        "flexWrap": "wrap",
      }
    }
  >
    <View
      accessibilityState={
        Object {
          "disabled": false,
        }
      }
      accessible={true}
      focusable={true}
      onClick={[Function]}
      onResponderGrant={[Function]}
      onResponderMove={[Function]}
      onResponderRelease={[Function]}
      onResponderTerminate={[Function]}
      onResponderTerminationRequest={[Function]}
      onStartShouldSetResponder={[Function]}
      style={
        Array [
          false,
          undefined,
        ]
      }
    >
      <View
        style={
          Object {
            "height": 240,
            "marginHorizontal": "1%",
            "marginVertical": 10,
            "width": "48%",
          }
        }
      >
        <View>
          <Image
            source={
              Object {
                "uri": "https://burst.shopifycdn.com/photos/tea-cup-with-hot-peppers-and-yellow-tomatoes-on-red.jpg?width=240&format=pjpg&exif=1&iptc=1",
              }
            }
            style={
              Object {
                "height": "85%",
                "width": "100%",
              }
            }
            testID="categoryImage"
          />
          <Text
            style={
              Array [
                Object {
                  "color": "rgba(28, 27, 31, 1)",
                  "fontSize": 12,
                  "fontWeight": "500",
                  "letterSpacing": 0.5,
                  "lineHeight": 16,
                },
                Object {
                  "textAlign": "left",
                },
                Object {
                  "writingDirection": "ltr",
                },
                Object {
                  "fontWeight": "600",
                  "marginBottom": 12,
                  "marginTop": 6,
                  "textAlign": "center",
                },
              ]
            }
          >
            test
          </Text>
        </View>
      </View>
    </View>
  </View>
</View>
`;
