// Jest Snapshot v1, https://goo.gl/fbAQLP

exports[`LoadingScreen should render the component 1`] = `
Array [
  <div
    className=""
  >
    <div
      className=""
    >
      <h1
        className=""
      >
        Anthaathi CMS
      </h1>
      <div
        className=""
        testid="loader"
      >
        <div
          className=""
        />
        <div
          className=""
        />
        <div
          className=""
        />
        <div
          className=""
        />
        <div
          className=""
        />
        <div
          className=""
        />
        <div
          className=""
        />
        <div
          className=""
        />
        <div
          className=""
        />
        <div
          className=""
        />
      </div>
    </div>
    <div
      className=""
    >
      <button
        className=""
        data-baseweb="button"
        disabled={false}
        onBlur={[Function]}
        onClick={[Function]}
        onFocus={[Function]}
      >
        <svg
          aria-hidden={true}
          fill="currentColor"
          focusable="false"
          height={16}
          preserveAspectRatio="xMidYMid meet"
          viewBox="0 0 16 16"
          width={16}
          xmlns="http://www.w3.org/2000/svg"
        >
          <path
            d="M5 8L10 3 10.7 3.7 6.4 8 10.7 12.3 10 13z"
          />
        </svg>
      </button>
    </div>
  </div>,
  <div
    className=""
  >
    <div
      className=""
      data-baseweb="block"
      data-testid="spinner"
    >
      <i
        className=""
      />
    </div>
  </div>,
]
`;
